Archive member included because of file (symbol)

/Applications/SEGGER Embedded Studio 2.16/lib/libc_v7em_fpv4_sp_d16_hard_t_le_eabi.a(libc2.o)
                              Output/nrf52832_xxaa_s132 Debug/Obj/nrf_log.o (vprintf)
/Applications/SEGGER Embedded Studio 2.16/lib/libc_v7em_fpv4_sp_d16_hard_t_le_eabi.a(libc2_asm.o)
                              Output/nrf52832_xxaa_s132 Debug/Obj/ble_advdata.o (memcpy)
/Applications/SEGGER Embedded Studio 2.16/lib/libc_v7em_fpv4_sp_d16_hard_t_le_eabi.a(libc_asm.o)
                              /Applications/SEGGER Embedded Studio 2.16/lib/libc_v7em_fpv4_sp_d16_hard_t_le_eabi.a(libc2.o) (__aeabi_uldivmod)
/Applications/SEGGER Embedded Studio 2.16/lib/libm_v7em_fpv4_sp_d16_hard_t_le_eabi.a(libm_asm.o)
                              /Applications/SEGGER Embedded Studio 2.16/lib/libc_v7em_fpv4_sp_d16_hard_t_le_eabi.a(libc2.o) (__aeabi_i2d)
/Applications/SEGGER Embedded Studio 2.16/lib/libm_v7em_fpv4_sp_d16_hard_t_le_eabi.a(libm2.o)
                              /Applications/SEGGER Embedded Studio 2.16/lib/libvfprintf_v7em_fpv4_sp_d16_hard_t_le_eabi.o (frexp)
/Applications/SEGGER Embedded Studio 2.16/lib/libm_v7em_fpv4_sp_d16_hard_t_le_eabi.a(libm2_asm.o)
                              /Applications/SEGGER Embedded Studio 2.16/lib/libm_v7em_fpv4_sp_d16_hard_t_le_eabi.a(libm2.o) (fabs)

Discarded input sections

 .group         0x00000000        0x8 Output/nrf52832_xxaa_s132 Debug/Obj/main.o
 .group         0x00000000        0x8 Output/nrf52832_xxaa_s132 Debug/Obj/main.o
 .group         0x00000000        0x8 Output/nrf52832_xxaa_s132 Debug/Obj/main.o
 .group         0x00000000        0x8 Output/nrf52832_xxaa_s132 Debug/Obj/main.o
 .group         0x00000000        0x8 Output/nrf52832_xxaa_s132 Debug/Obj/main.o
 .group         0x00000000        0x8 Output/nrf52832_xxaa_s132 Debug/Obj/main.o
 .group         0x00000000        0x8 Output/nrf52832_xxaa_s132 Debug/Obj/main.o
 .group         0x00000000        0x8 Output/nrf52832_xxaa_s132 Debug/Obj/main.o
 .group         0x00000000        0x8 Output/nrf52832_xxaa_s132 Debug/Obj/main.o
 .group         0x00000000        0x8 Output/nrf52832_xxaa_s132 Debug/Obj/main.o
 .group         0x00000000        0x8 Output/nrf52832_xxaa_s132 Debug/Obj/main.o
 .group         0x00000000        0x8 Output/nrf52832_xxaa_s132 Debug/Obj/main.o
 .group         0x00000000        0x8 Output/nrf52832_xxaa_s132 Debug/Obj/main.o
 .group         0x00000000        0x8 Output/nrf52832_xxaa_s132 Debug/Obj/main.o
 .group         0x00000000        0x8 Output/nrf52832_xxaa_s132 Debug/Obj/main.o
 .group         0x00000000        0x8 Output/nrf52832_xxaa_s132 Debug/Obj/main.o
 .group         0x00000000        0x8 Output/nrf52832_xxaa_s132 Debug/Obj/main.o
 .group         0x00000000        0x8 Output/nrf52832_xxaa_s132 Debug/Obj/main.o
 .group         0x00000000        0x8 Output/nrf52832_xxaa_s132 Debug/Obj/main.o
 .group         0x00000000        0x8 Output/nrf52832_xxaa_s132 Debug/Obj/main.o
 .group         0x00000000        0x8 Output/nrf52832_xxaa_s132 Debug/Obj/main.o
 .group         0x00000000        0x8 Output/nrf52832_xxaa_s132 Debug/Obj/main.o
 .group         0x00000000        0x8 Output/nrf52832_xxaa_s132 Debug/Obj/main.o
 .group         0x00000000        0x8 Output/nrf52832_xxaa_s132 Debug/Obj/main.o
 .group         0x00000000        0x8 Output/nrf52832_xxaa_s132 Debug/Obj/main.o
 .group         0x00000000        0x8 Output/nrf52832_xxaa_s132 Debug/Obj/main.o
 .group         0x00000000        0x8 Output/nrf52832_xxaa_s132 Debug/Obj/main.o
 .group         0x00000000        0x8 Output/nrf52832_xxaa_s132 Debug/Obj/main.o
 .group         0x00000000        0x8 Output/nrf52832_xxaa_s132 Debug/Obj/main.o
 .group         0x00000000        0x8 Output/nrf52832_xxaa_s132 Debug/Obj/main.o
 .group         0x00000000        0x8 Output/nrf52832_xxaa_s132 Debug/Obj/main.o
 .group         0x00000000        0x8 Output/nrf52832_xxaa_s132 Debug/Obj/main.o
 .group         0x00000000        0x8 Output/nrf52832_xxaa_s132 Debug/Obj/main.o
 .group         0x00000000        0x8 Output/nrf52832_xxaa_s132 Debug/Obj/main.o
 .group         0x00000000        0x8 Output/nrf52832_xxaa_s132 Debug/Obj/main.o
 .group         0x00000000        0x8 Output/nrf52832_xxaa_s132 Debug/Obj/main.o
 .group         0x00000000        0x8 Output/nrf52832_xxaa_s132 Debug/Obj/main.o
 .group         0x00000000        0x8 Output/nrf52832_xxaa_s132 Debug/Obj/main.o
 .group         0x00000000        0x8 Output/nrf52832_xxaa_s132 Debug/Obj/main.o
 .group         0x00000000        0x8 Output/nrf52832_xxaa_s132 Debug/Obj/main.o
 .group         0x00000000        0x8 Output/nrf52832_xxaa_s132 Debug/Obj/main.o
 .group         0x00000000        0x8 Output/nrf52832_xxaa_s132 Debug/Obj/main.o
 .group         0x00000000        0x8 Output/nrf52832_xxaa_s132 Debug/Obj/main.o
 .group         0x00000000        0x8 Output/nrf52832_xxaa_s132 Debug/Obj/main.o
[...]
Memory Configuration

Name             Origin             Length             Attributes
UNPLACED_SECTIONS 0xffffffff         0x00000000         xw
RAM              0x20000000         0x00010000         xw
FLASH            0x00000000         0x00090000         xr
*default*        0x00000000         0xffffffff

Linker script and memory map

                0x00000000                __vfprintf = __vfprintf_int_nwp
                0x00000000                __vfscanf = __vfscanf_int
                0x20000000                __RAM_segment_start__ = 0x20000000
                0x20010000                __RAM_segment_end__ = 0x20010000
                0x00010000                __RAM_segment_size__ = 0x10000
                0x00000000                __FLASH_segment_start__ = 0x0
                0x00090000                __FLASH_segment_end__ = 0x90000
                0x00090000                __FLASH_segment_size__ = 0x90000
                0x00000100                __HEAPSIZE__ = 0x100
                0x00000000                __STACKSIZE_ABT__ = 0x0
                0x00000000                __STACKSIZE_FIQ__ = 0x0
                0x00000000                __STACKSIZE_IRQ__ = 0x0
                0x00000000                __STACKSIZE_PROCESS__ = 0x0
                0x00000000                __STACKSIZE_SVC__ = 0x0
                0x00000000                __STACKSIZE_UND__ = 0x0
                0x00000800                __STACKSIZE__ = 0x800
                0x20002a00                __vectors_ram_load_start__ = 0x20002a00

.vectors_ram    0x20002a00        0x0
                0x20002a00                __vectors_ram_start__ = .
 *(.vectors_ram .vectors_ram.*)
                0x20002a00                __vectors_ram_end__ = (__vectors_ram_start__ + SIZEOF (.vectors_ram))
                0x00000000                __vectors_ram_size__ = SIZEOF (.vectors_ram)
                0x20002a00                __vectors_ram_load_end__ = __vectors_ram_end__
                0x00000001                . = ASSERT (((__vectors_ram_start__ == __vectors_ram_end__) || ((__vectors_ram_end__ >= __RAM_segment_start__) && (__vectors_ram_end__ <= __RAM_segment_end__))), error: .vectors_ram is too large to fit in RAM memory segment)
                0x0001c000                __vectors_load_start__ = 0x1c000

.vectors        0x0001c000       0xd8
                0x0001c000                __vectors_start__ = .
 *(.vectors .vectors.*)
 .vectors       0x0001c000       0xd8 Output/nrf52832_xxaa_s132 Debug/Obj/nrf52_Vectors.o
                0x0001c000                _vectors
                0x0001c0d8                __vectors_end__ = (__vectors_start__ + SIZEOF (.vectors))
                0x000000d8                __vectors_size__ = SIZEOF (.vectors)
                0x0001c0d8                __vectors_load_end__ = __vectors_end__
                0x00000001                . = ASSERT (((__vectors_start__ == __vectors_end__) || ((__vectors_end__ >= __FLASH_segment_start__) && (__vectors_end__ <= __FLASH_segment_end__))), error: .vectors is too large to fit in FLASH memory segment)
                0x0001c0d8                __init_load_start__ = ALIGN (__vectors_end__, 0x4)

.init           0x0001c0d8      0x644
                0x0001c0d8                __init_start__ = .
 *(.init .init.*)
 .init.NVIC_SystemReset
                0x0001c0d8       0x28 Output/nrf52832_xxaa_s132 Debug/Obj/system_nrf52.o
 .init.SystemCoreClockUpdate
                0x0001c100       0x1c Output/nrf52832_xxaa_s132 Debug/Obj/system_nrf52.o
                0x0001c100                SystemCoreClockUpdate
 .init.SystemInit
                0x0001c11c      0x20c Output/nrf52832_xxaa_s132 Debug/Obj/system_nrf52.o
                0x0001c11c                SystemInit
 .init.errata_31
                0x0001c328       0x8c Output/nrf52832_xxaa_s132 Debug/Obj/system_nrf52.o
 .init.errata_32
                0x0001c3b4       0x54 Output/nrf52832_xxaa_s132 Debug/Obj/system_nrf52.o
 .init.errata_36
                0x0001c408       0x8c Output/nrf52832_xxaa_s132 Debug/Obj/system_nrf52.o
 .init.errata_37
                0x0001c494       0x54 Output/nrf52832_xxaa_s132 Debug/Obj/system_nrf52.o
 .init.errata_66
                0x0001c4e8       0x54 Output/nrf52832_xxaa_s132 Debug/Obj/system_nrf52.o
 .init          0x0001c53c      0x158 Output/nrf52832_xxaa_s132 Debug/Obj/thumb_crt0.o
                0x0001c53c                _start
                0x0001c5ee                exit
 .init          0x0001c694       0x34 Output/nrf52832_xxaa_s132 Debug/Obj/nRF_Startup.o
                0x0001c694                Reset_Handler
 .init          0x0001c6c8       0x54 Output/nrf52832_xxaa_s132 Debug/Obj/nrf52_Vectors.o
                0x0001c6c8                NMI_Handler
                0x0001c6ca                HardFault_Handler
                0x0001c6cc                SVC_Handler
                0x0001c6ce                PendSV_Handler
                0x0001c6d0                SysTick_Handler
                0x0001c6d4                POWER_CLOCK_IRQHandler
                0x0001c6d6                RADIO_IRQHandler
                0x0001c6de                NFCT_IRQHandler
                0x0001c6e2                SAADC_IRQHandler
                0x0001c6ea                RTC0_IRQHandler
                0x0001c6ec                TEMP_IRQHandler
                0x0001c6ee                RNG_IRQHandler
                0x0001c6f0                ECB_IRQHandler
                0x0001c6f2                CCM_AAR_IRQHandler
                0x0001c6f4                WDT_IRQHandler
                0x0001c6f8                QDEC_IRQHandler
                0x0001c6fa                COMP_LPCOMP_IRQHandler
                0x0001c6fe                SWI1_EGU1_IRQHandler
                0x0001c702                SWI3_EGU3_IRQHandler
                0x0001c704                SWI4_EGU4_IRQHandler
                0x0001c706                SWI5_EGU5_IRQHandler
                0x0001c70a                TIMER4_IRQHandler
                0x0001c70c                PWM0_IRQHandler
                0x0001c70e                PDM_IRQHandler
                0x0001c710                MWU_IRQHandler
                0x0001c712                PWM1_IRQHandler
                0x0001c714                PWM2_IRQHandler
                0x0001c716                SPIM2_SPIS2_SPI2_IRQHandler
                0x0001c718                RTC2_IRQHandler
                0x0001c71a                I2S_IRQHandler
                0x0001c71c                __init_end__ = (__init_start__ + SIZEOF (.init))
                0x00000644                __init_size__ = SIZEOF (.init)
                0x0001c71c                __init_load_end__ = __init_end__
                0x00000001                . = ASSERT (((__init_start__ == __init_end__) || ((__init_end__ >= __FLASH_segment_start__) && (__init_end__ <= __FLASH_segment_end__))), error: .init is too large to fit in FLASH memory segment)
                0x0001c71c                __init_rodata_load_start__ = ALIGN (__init_end__, 0x4)

.init_rodata    0x0001c71c        0x0
                0x0001c71c                __init_rodata_start__ = .
 *(.init_rodata .init_rodata.*)
                0x0001c71c                __init_rodata_end__ = (__init_rodata_start__ + SIZEOF (.init_rodata))
                0x00000000                __init_rodata_size__ = SIZEOF (.init_rodata)
                0x0001c71c                __init_rodata_load_end__ = __init_rodata_end__
                0x00000001                . = ASSERT (((__init_rodata_start__ == __init_rodata_end__) || ((__init_rodata_end__ >= __FLASH_segment_start__) && (__init_rodata_end__ <= __FLASH_segment_end__))), error: .init_rodata is too large to fit in FLASH memory segment)
                0x0001c71c                __text_load_start__ = ALIGN (__init_rodata_end__, 0x4)

.text           0x0001c71c     0x8b20
                0x0001c71c                __text_start__ = .
 *(.text .text.* .glue_7t .glue_7 .gnu.linkonce.t.* .gcc_except_table .ARM.extab* .gnu.linkonce.armextab.*)
 .glue_7        0x00000000        0x0 linker stubs
 .glue_7t       0x00000000        0x0 linker stubs
 .text.nrf_gpio_cfg
                0x0001c71c       0x4c Output/nrf52832_xxaa_s132 Debug/Obj/main.o
 .text.nrf_gpio_cfg_output
                0x0001c768       0x24 Output/nrf52832_xxaa_s132 Debug/Obj/main.o
 .text.nrf_gpio_pin_set
                0x0001c78c       0x24 Output/nrf52832_xxaa_s132 Debug/Obj/main.o
 .text.nrf_gpio_pin_clear
                0x0001c7b0       0x24 Output/nrf52832_xxaa_s132 Debug/Obj/main.o
 .text.sd_ble_gap_address_set
                0x0001c7d4        0x8 Output/nrf52832_xxaa_s132 Debug/Obj/main.o
 .text.sd_ble_gap_address_get
                0x0001c7dc        0x8 Output/nrf52832_xxaa_s132 Debug/Obj/main.o
 .text.sd_ble_gap_adv_start
                0x0001c7e4        0x8 Output/nrf52832_xxaa_s132 Debug/Obj/main.o
 .text.sd_ble_gap_disconnect
                0x0001c7ec        0x8 Output/nrf52832_xxaa_s132 Debug/Obj/main.o
 .text.sd_ble_gap_ppcp_set
                0x0001c7f4        0x8 Output/nrf52832_xxaa_s132 Debug/Obj/main.o
 .text.sd_ble_gap_device_name_set
                0x0001c7fc        0x8 Output/nrf52832_xxaa_s132 Debug/Obj/main.o
 .text.sd_ble_gap_sec_params_reply
                0x0001c804        0x8 Output/nrf52832_xxaa_s132 Debug/Obj/main.o
 .text.sd_ble_gatts_sys_attr_set
                0x0001c80c        0x8 Output/nrf52832_xxaa_s132 Debug/Obj/main.o
 .text.sd_app_evt_wait
                0x0001c814        0x8 Output/nrf52832_xxaa_s132 Debug/Obj/main.o
 .text.set_rgb_color
                0x0001c81c      0x124 Output/nrf52832_xxaa_s132 Debug/Obj/main.o
                0x0001c81c                set_rgb_color
 .text.new_hit_value
                0x0001c940       0x34 Output/nrf52832_xxaa_s132 Debug/Obj/main.o
                0x0001c940                new_hit_value
 .text.pin_output_init
                0x0001c974       0x64 Output/nrf52832_xxaa_s132 Debug/Obj/main.o
 .text.timers_init
                0x0001c9d8       0x38 Output/nrf52832_xxaa_s132 Debug/Obj/main.o
 .text.pwm_init
                0x0001ca10       0x9c Output/nrf52832_xxaa_s132 Debug/Obj/main.o
 .text.gap_params_init
                0x0001caac       0x94 Output/nrf52832_xxaa_s132 Debug/Obj/main.o
 .text.advertising_init
                0x0001cb40       0x80 Output/nrf52832_xxaa_s132 Debug/Obj/main.o
                0x0001cb40                advertising_init
 .text.pin_write_handler
                0x0001cbc0       0x7c Output/nrf52832_xxaa_s132 Debug/Obj/main.o
 .text.services_init
                0x0001cc3c       0x40 Output/nrf52832_xxaa_s132 Debug/Obj/main.o
 .text.on_conn_params_evt
                0x0001cc7c       0x44 Output/nrf52832_xxaa_s132 Debug/Obj/main.o
 .text.conn_params_error_handler
                0x0001ccc0       0x20 Output/nrf52832_xxaa_s132 Debug/Obj/main.o
 .text.conn_params_init
                0x0001cce0       0x68 Output/nrf52832_xxaa_s132 Debug/Obj/main.o
 .text.advertising_start
                0x0001cd48       0x58 Output/nrf52832_xxaa_s132 Debug/Obj/main.o
 .text.radio_notification_evt_handler
                0x0001cda0       0x7c Output/nrf52832_xxaa_s132 Debug/Obj/main.o
                0x0001cda0                radio_notification_evt_handler
 .text.on_ble_evt
                0x0001ce1c       0xfc Output/nrf52832_xxaa_s132 Debug/Obj/main.o
 .text.ble_evt_dispatch
                0x0001cf18       0x28 Output/nrf52832_xxaa_s132 Debug/Obj/main.o
 .text.ble_stack_init
                0x0001cf40      0x11c Output/nrf52832_xxaa_s132 Debug/Obj/main.o
 .text.pin_event_handler
                0x0001d05c       0xa0 Output/nrf52832_xxaa_s132 Debug/Obj/main.o
 .text.nrf_gpiote_init
                0x0001d0fc       0xa4 Output/nrf52832_xxaa_s132 Debug/Obj/main.o
                0x0001d0fc                nrf_gpiote_init
 .text.advertising_timer_init
                0x0001d1a0       0x2c Output/nrf52832_xxaa_s132 Debug/Obj/main.o
                0x0001d1a0                advertising_timer_init
 .text.power_manage
                0x0001d1cc       0x2c Output/nrf52832_xxaa_s132 Debug/Obj/main.o
 .text.main     0x0001d1f8       0x44 Output/nrf52832_xxaa_s132 Debug/Obj/main.o
                0x0001d1f8                main
 .text.advertising_init_eddystone
                0x0001d23c       0x94 Output/nrf52832_xxaa_s132 Debug/Obj/advertising.o
                0x0001d23c                advertising_init_eddystone
 .text.nrf_gpio_pin_set
                0x0001d2d0       0x24 Output/nrf52832_xxaa_s132 Debug/Obj/twi_rfid_driver.o
 .text.nrf_gpio_pin_clear
                0x0001d2f4       0x24 Output/nrf52832_xxaa_s132 Debug/Obj/twi_rfid_driver.o
 .text.ready_rfid_shield
                0x0001d318       0xb4 Output/nrf52832_xxaa_s132 Debug/Obj/twi_rfid_driver.o
                0x0001d318                ready_rfid_shield
 .text.rfid_read_event_handler
                0x0001d3cc       0x3c Output/nrf52832_xxaa_s132 Debug/Obj/twi_rfid_driver.o
                0x0001d3cc                rfid_read_event_handler
 .text.twi_rfid_init
                0x0001d408       0x38 Output/nrf52832_xxaa_s132 Debug/Obj/twi_rfid_driver.o
                0x0001d408                twi_rfid_init
 .text.nrf_gpio_pin_set
                0x0001d440       0x24 Output/nrf52832_xxaa_s132 Debug/Obj/twi_motordriver.o
 .text.nrf_gpio_pin_clear
                0x0001d464       0x24 Output/nrf52832_xxaa_s132 Debug/Obj/twi_motordriver.o
 .text.twi_motordriver_init
                0x0001d488       0x38 Output/nrf52832_xxaa_s132 Debug/Obj/twi_motordriver.o
                0x0001d488                twi_motordriver_init
 .text.twi_init_motorshield
                0x0001d4c0      0x198 Output/nrf52832_xxaa_s132 Debug/Obj/twi_motordriver.o
                0x0001d4c0                twi_init_motorshield
 .text.twi_clear_motorshield
                0x0001d658       0xec Output/nrf52832_xxaa_s132 Debug/Obj/twi_motordriver.o
                0x0001d658                twi_clear_motorshield
 .text.twi_set_motor
                0x0001d744       0xa0 Output/nrf52832_xxaa_s132 Debug/Obj/twi_motordriver.o
                0x0001d744                twi_set_motor
 .text.twi_set_speed
                0x0001d7e4       0x50 Output/nrf52832_xxaa_s132 Debug/Obj/twi_motordriver.o
                0x0001d7e4                twi_set_speed
 .text.twi_set_motor_dir
                0x0001d834      0x218 Output/nrf52832_xxaa_s132 Debug/Obj/twi_motordriver.o
                0x0001d834                twi_set_motor_dir
 .text.read_bit
                0x0001da4c       0x34 Output/nrf52832_xxaa_s132 Debug/Obj/read_set_bit.o
                0x0001da4c                read_bit
 .text.read_byte
                0x0001da80       0x20 Output/nrf52832_xxaa_s132 Debug/Obj/read_set_bit.o
                0x0001da80                read_byte
 .text.nrf_twi_task_trigger
                0x0001daa0       0x20 Output/nrf52832_xxaa_s132 Debug/Obj/nrf_drv_twi.o
 .text.nrf_twi_event_clear
                0x0001dac0       0x20 Output/nrf52832_xxaa_s132 Debug/Obj/nrf_drv_twi.o
 .text.nrf_twi_event_check
                0x0001dae0       0x2c Output/nrf52832_xxaa_s132 Debug/Obj/nrf_drv_twi.o
 .text.nrf_twi_int_enable
                0x0001db0c       0x1c Output/nrf52832_xxaa_s132 Debug/Obj/nrf_drv_twi.o
 .text.nrf_twi_int_disable
                0x0001db28       0x1c Output/nrf52832_xxaa_s132 Debug/Obj/nrf_drv_twi.o
 .text.nrf_twi_enable
                0x0001db44       0x1c Output/nrf52832_xxaa_s132 Debug/Obj/nrf_drv_twi.o
 .text.nrf_twi_pins_set
                0x0001db60       0x28 Output/nrf52832_xxaa_s132 Debug/Obj/nrf_drv_twi.o
 .text.nrf_twi_frequency_set
                0x0001db88       0x1c Output/nrf52832_xxaa_s132 Debug/Obj/nrf_drv_twi.o
 .text.nrf_twi_errorsrc_get_and_clear
                0x0001dba4       0x28 Output/nrf52832_xxaa_s132 Debug/Obj/nrf_drv_twi.o
 .text.nrf_twi_address_set
                0x0001dbcc       0x20 Output/nrf52832_xxaa_s132 Debug/Obj/nrf_drv_twi.o
 .text.nrf_twi_rxd_get
                0x0001dbec       0x1c Output/nrf52832_xxaa_s132 Debug/Obj/nrf_drv_twi.o
 .text.nrf_twi_txd_set
                0x0001dc08       0x20 Output/nrf52832_xxaa_s132 Debug/Obj/nrf_drv_twi.o
 .text.nrf_twi_shorts_set
                0x0001dc28       0x1c Output/nrf52832_xxaa_s132 Debug/Obj/nrf_drv_twi.o
 .text.nrf_drv_get_IRQn
                0x0001dc44       0x20 Output/nrf52832_xxaa_s132 Debug/Obj/nrf_drv_twi.o
 .text.nrf_gpio_pin_set
                0x0001dc64       0x24 Output/nrf52832_xxaa_s132 Debug/Obj/nrf_drv_twi.o
 .text.nrf_gpio_pin_clear
                0x0001dc88       0x24 Output/nrf52832_xxaa_s132 Debug/Obj/nrf_drv_twi.o
 .text.nrf_gpio_pin_read
                0x0001dcac       0x28 Output/nrf52832_xxaa_s132 Debug/Obj/nrf_drv_twi.o
 .text.twi_clear_bus
                0x0001dcd4      0x2cc Output/nrf52832_xxaa_s132 Debug/Obj/nrf_drv_twi.o
 .text.nrf_drv_twi_init
                0x0001dfa0       0xf4 Output/nrf52832_xxaa_s132 Debug/Obj/nrf_drv_twi.o
                0x0001dfa0                nrf_drv_twi_init
 .text.nrf_drv_twi_enable
                0x0001e094       0x3c Output/nrf52832_xxaa_s132 Debug/Obj/nrf_drv_twi.o
                0x0001e094                nrf_drv_twi_enable
 .text.twi_send_byte
                0x0001e0d0       0x60 Output/nrf52832_xxaa_s132 Debug/Obj/nrf_drv_twi.o
 .text.twi_receive_byte
                0x0001e130       0x6c Output/nrf52832_xxaa_s132 Debug/Obj/nrf_drv_twi.o
 .text.twi_transfer
                0x0001e19c      0x168 Output/nrf52832_xxaa_s132 Debug/Obj/nrf_drv_twi.o
 .text.twi_tx_start_transfer
                0x0001e304       0xd8 Output/nrf52832_xxaa_s132 Debug/Obj/nrf_drv_twi.o
 .text.twi_rx_start_transfer
                0x0001e3dc       0xcc Output/nrf52832_xxaa_s132 Debug/Obj/nrf_drv_twi.o
 .text.twi_xfer
                0x0001e4a8      0x10c Output/nrf52832_xxaa_s132 Debug/Obj/nrf_drv_twi.o
 .text.nrf_drv_twi_xfer
                0x0001e5b4       0x54 Output/nrf52832_xxaa_s132 Debug/Obj/nrf_drv_twi.o
                0x0001e5b4                nrf_drv_twi_xfer
 .text.nrf_drv_twi_tx
                0x0001e608       0x5c Output/nrf52832_xxaa_s132 Debug/Obj/nrf_drv_twi.o
                0x0001e608                nrf_drv_twi_tx
 .text.nrf_drv_twi_rx
                0x0001e664       0x54 Output/nrf52832_xxaa_s132 Debug/Obj/nrf_drv_twi.o
                0x0001e664                nrf_drv_twi_rx
 .text.irq_handler_twi
                0x0001e6b8      0x140 Output/nrf52832_xxaa_s132 Debug/Obj/nrf_drv_twi.o
 .text.SPIM0_SPIS0_TWIM0_TWIS0_SPI0_TWI0_IRQHandler
                0x0001e7f8       0x18 Output/nrf52832_xxaa_s132 Debug/Obj/nrf_drv_twi.o
                0x0001e7f8                SPIM0_SPIS0_TWIM0_TWIS0_SPI0_TWI0_IRQHandler
 .text.SPIM1_SPIS1_TWIM1_TWIS1_SPI1_TWI1_IRQHandler
                0x0001e810       0x14 Output/nrf52832_xxaa_s132 Debug/Obj/nrf_drv_twi.o
                0x0001e810                SPIM1_SPIS1_TWIM1_TWIS1_SPI1_TWI1_IRQHandler
 .text.sd_ble_gatts_service_add
                0x0001e824        0x8 Output/nrf52832_xxaa_s132 Debug/Obj/ble_lbs.o
 .text.sd_ble_gatts_characteristic_add
                0x0001e82c        0x8 Output/nrf52832_xxaa_s132 Debug/Obj/ble_lbs.o
 .text.sd_ble_gatts_hvx
                0x0001e834        0x8 Output/nrf52832_xxaa_s132 Debug/Obj/ble_lbs.o
 .text.sd_ble_uuid_vs_add
                0x0001e83c        0x8 Output/nrf52832_xxaa_s132 Debug/Obj/ble_lbs.o
 .text.on_connect
                0x0001e844       0x1c Output/nrf52832_xxaa_s132 Debug/Obj/ble_lbs.o
 .text.on_disconnect
                0x0001e860       0x1c Output/nrf52832_xxaa_s132 Debug/Obj/ble_lbs.o
 .text.on_write
                0x0001e87c       0x40 Output/nrf52832_xxaa_s132 Debug/Obj/ble_lbs.o
 .text.ble_lbs_on_ble_evt
                0x0001e8bc       0x40 Output/nrf52832_xxaa_s132 Debug/Obj/ble_lbs.o
                0x0001e8bc                ble_lbs_on_ble_evt
 .text.led_char_add
                0x0001e8fc       0xf0 Output/nrf52832_xxaa_s132 Debug/Obj/ble_lbs.o
 .text.button_char_add
                0x0001e9ec      0x144 Output/nrf52832_xxaa_s132 Debug/Obj/ble_lbs.o
 .text.ble_lbs_init
                0x0001eb30       0xa4 Output/nrf52832_xxaa_s132 Debug/Obj/ble_lbs.o
                0x0001eb30                ble_lbs_init
 .text.ble_lbs_on_button_change
                0x0001ebd4       0x58 Output/nrf52832_xxaa_s132 Debug/Obj/ble_lbs.o
                0x0001ebd4                ble_lbs_on_button_change
 .text.bsp_led_indication
                0x0001ec2c      0x698 Output/nrf52832_xxaa_s132 Debug/Obj/bsp.o
 .text.bsp_indication_set
                0x0001f2c4       0x34 Output/nrf52832_xxaa_s132 Debug/Obj/bsp.o
                0x0001f2c4                bsp_indication_set
 .text.sd_ble_gap_address_get
                0x0001f2f8        0x8 Output/nrf52832_xxaa_s132 Debug/Obj/ble_advdata.o
 .text.sd_ble_gap_adv_data_set
                0x0001f300        0x8 Output/nrf52832_xxaa_s132 Debug/Obj/ble_advdata.o
 .text.sd_ble_gap_appearance_get
                0x0001f308        0x8 Output/nrf52832_xxaa_s132 Debug/Obj/ble_advdata.o
 .text.sd_ble_gap_device_name_get
                0x0001f310        0x8 Output/nrf52832_xxaa_s132 Debug/Obj/ble_advdata.o
 .text.sd_ble_uuid_encode
                0x0001f318        0x8 Output/nrf52832_xxaa_s132 Debug/Obj/ble_advdata.o
 .text.uint16_encode
                0x0001f320       0x30 Output/nrf52832_xxaa_s132 Debug/Obj/ble_advdata.o
 .text.tk_value_encode
                0x0001f350       0x9c Output/nrf52832_xxaa_s132 Debug/Obj/ble_advdata.o
 .text.le_role_encode
                0x0001f3ec       0xd8 Output/nrf52832_xxaa_s132 Debug/Obj/ble_advdata.o
 .text.ble_device_addr_encode
                0x0001f4c4       0xcc Output/nrf52832_xxaa_s132 Debug/Obj/ble_advdata.o
 .text.name_encode
                0x0001f590      0x11c Output/nrf52832_xxaa_s132 Debug/Obj/ble_advdata.o
 .text.appearance_encode
                0x0001f6ac       0x98 Output/nrf52832_xxaa_s132 Debug/Obj/ble_advdata.o
 .text.flags_encode
                0x0001f744       0x80 Output/nrf52832_xxaa_s132 Debug/Obj/ble_advdata.o
 .text.sec_mgr_oob_flags_encode
                0x0001f7c4       0x80 Output/nrf52832_xxaa_s132 Debug/Obj/ble_advdata.o
 .text.tx_power_level_encode
                0x0001f844       0x80 Output/nrf52832_xxaa_s132 Debug/Obj/ble_advdata.o
 .text.uuid_list_sized_encode
                0x0001f8c4      0x140 Output/nrf52832_xxaa_s132 Debug/Obj/ble_advdata.o
 .text.uuid_list_encode
                0x0001fa04       0x60 Output/nrf52832_xxaa_s132 Debug/Obj/ble_advdata.o
 .text.conn_int_check
                0x0001fa64       0x84 Output/nrf52832_xxaa_s132 Debug/Obj/ble_advdata.o
 .text.conn_int_encode
                0x0001fae8       0xc0 Output/nrf52832_xxaa_s132 Debug/Obj/ble_advdata.o
 .text.manuf_specific_data_encode
                0x0001fba8       0xe4 Output/nrf52832_xxaa_s132 Debug/Obj/ble_advdata.o
 .text.service_data_encode
                0x0001fc8c      0x104 Output/nrf52832_xxaa_s132 Debug/Obj/ble_advdata.o
 .text.adv_data_encode
                0x0001fd90      0x240 Output/nrf52832_xxaa_s132 Debug/Obj/ble_advdata.o
                0x0001fd90                adv_data_encode
 .text.advdata_check
                0x0001ffd0       0x28 Output/nrf52832_xxaa_s132 Debug/Obj/ble_advdata.o
 .text.srdata_check
                0x0001fff8       0x24 Output/nrf52832_xxaa_s132 Debug/Obj/ble_advdata.o
 .text.ble_advdata_set
                0x0002001c       0xc8 Output/nrf52832_xxaa_s132 Debug/Obj/ble_advdata.o
                0x0002001c                ble_advdata_set
 .text.sd_ble_gap_conn_param_update
                0x000200e4        0x8 Output/nrf52832_xxaa_s132 Debug/Obj/ble_conn_params.o
 .text.sd_ble_gap_disconnect
                0x000200ec        0x8 Output/nrf52832_xxaa_s132 Debug/Obj/ble_conn_params.o
 .text.sd_ble_gap_ppcp_set
                0x000200f4        0x8 Output/nrf52832_xxaa_s132 Debug/Obj/ble_conn_params.o
 .text.sd_ble_gap_ppcp_get
                0x000200fc        0x8 Output/nrf52832_xxaa_s132 Debug/Obj/ble_conn_params.o
 .text.uint16_decode
                0x00020104       0x2c Output/nrf52832_xxaa_s132 Debug/Obj/ble_conn_params.o
 .text.ble_srv_is_notification_enabled
                0x00020130       0x2c Output/nrf52832_xxaa_s132 Debug/Obj/ble_conn_params.o
 .text.is_conn_params_ok
                0x0002015c       0x38 Output/nrf52832_xxaa_s132 Debug/Obj/ble_conn_params.o
 .text.update_timeout_handler
                0x00020194       0xb4 Output/nrf52832_xxaa_s132 Debug/Obj/ble_conn_params.o
 .text.ble_conn_params_init
                0x00020248       0x98 Output/nrf52832_xxaa_s132 Debug/Obj/ble_conn_params.o
                0x00020248                ble_conn_params_init
 .text.conn_params_negotiation
                0x000202e0       0xac Output/nrf52832_xxaa_s132 Debug/Obj/ble_conn_params.o
 .text.on_connect
                0x0002038c       0x48 Output/nrf52832_xxaa_s132 Debug/Obj/ble_conn_params.o
 .text.on_disconnect
                0x000203d4       0x4c Output/nrf52832_xxaa_s132 Debug/Obj/ble_conn_params.o
 .text.on_write
                0x00020420       0x68 Output/nrf52832_xxaa_s132 Debug/Obj/ble_conn_params.o
 .text.on_conn_params_update
                0x00020488       0x24 Output/nrf52832_xxaa_s132 Debug/Obj/ble_conn_params.o
 .text.ble_conn_params_on_ble_evt
                0x000204ac       0x4c Output/nrf52832_xxaa_s132 Debug/Obj/ble_conn_params.o
                0x000204ac                ble_conn_params_on_ble_evt
 .text.nrf_delay_ms
                0x000204f8       0xa4 Output/nrf52832_xxaa_s132 Debug/Obj/nrf_delay.o
                0x000204f8                nrf_delay_ms
 .text.NVIC_EnableIRQ
                0x0002059c       0x30 Output/nrf52832_xxaa_s132 Debug/Obj/nrf_drv_common.o
 .text.NVIC_ClearPendingIRQ
                0x000205cc       0x34 Output/nrf52832_xxaa_s132 Debug/Obj/nrf_drv_common.o
 .text.NVIC_SetPriority
                0x00020600       0x54 Output/nrf52832_xxaa_s132 Debug/Obj/nrf_drv_common.o
 .text.nrf_drv_common_irq_enable
                0x00020654       0x38 Output/nrf52832_xxaa_s132 Debug/Obj/nrf_drv_common.o
                0x00020654                nrf_drv_common_irq_enable
 .text.nrf_gpiote_task_addr_get
                0x0002068c       0x20 Output/nrf52832_xxaa_s132 Debug/Obj/nrf_drv_gpiote.o
 .text.nrf_gpiote_event_is_set
                0x000206ac       0x28 Output/nrf52832_xxaa_s132 Debug/Obj/nrf_drv_gpiote.o
 .text.nrf_gpiote_event_clear
                0x000206d4       0x30 Output/nrf52832_xxaa_s132 Debug/Obj/nrf_drv_gpiote.o
 .text.nrf_gpiote_event_addr_get
                0x00020704       0x20 Output/nrf52832_xxaa_s132 Debug/Obj/nrf_drv_gpiote.o
 .text.nrf_gpiote_int_enable
                0x00020724       0x20 Output/nrf52832_xxaa_s132 Debug/Obj/nrf_drv_gpiote.o
 .text.nrf_gpiote_int_disable
                0x00020744       0x20 Output/nrf52832_xxaa_s132 Debug/Obj/nrf_drv_gpiote.o
 .text.nrf_gpiote_int_is_enabled
                0x00020764       0x24 Output/nrf52832_xxaa_s132 Debug/Obj/nrf_drv_gpiote.o
 .text.nrf_gpiote_event_enable
                0x00020788       0x34 Output/nrf52832_xxaa_s132 Debug/Obj/nrf_drv_gpiote.o
 .text.nrf_gpiote_event_disable
                0x000207bc       0x34 Output/nrf52832_xxaa_s132 Debug/Obj/nrf_drv_gpiote.o
 .text.nrf_gpiote_event_configure
                0x000207f0       0x68 Output/nrf52832_xxaa_s132 Debug/Obj/nrf_drv_gpiote.o
 .text.nrf_gpiote_event_pin_get
                0x00020858       0x2c Output/nrf52832_xxaa_s132 Debug/Obj/nrf_drv_gpiote.o
 .text.nrf_gpiote_event_polarity_get
                0x00020884       0x2c Output/nrf52832_xxaa_s132 Debug/Obj/nrf_drv_gpiote.o
 .text.nrf_gpiote_task_enable
                0x000208b0       0x50 Output/nrf52832_xxaa_s132 Debug/Obj/nrf_drv_gpiote.o
 .text.nrf_gpiote_task_configure
                0x00020900       0x7c Output/nrf52832_xxaa_s132 Debug/Obj/nrf_drv_gpiote.o
 .text.nrf_gpiote_task_force
                0x0002097c       0x40 Output/nrf52832_xxaa_s132 Debug/Obj/nrf_drv_gpiote.o
 .text.nrf_gpiote_te_default
                0x000209bc       0x24 Output/nrf52832_xxaa_s132 Debug/Obj/nrf_drv_gpiote.o
 .text.nrf_gpio_cfg
                0x000209e0       0x4c Output/nrf52832_xxaa_s132 Debug/Obj/nrf_drv_gpiote.o
 .text.nrf_gpio_cfg_output
                0x00020a2c       0x24 Output/nrf52832_xxaa_s132 Debug/Obj/nrf_drv_gpiote.o
 .text.nrf_gpio_cfg_input
                0x00020a50       0x28 Output/nrf52832_xxaa_s132 Debug/Obj/nrf_drv_gpiote.o
 .text.nrf_gpio_cfg_default
                0x00020a78       0x24 Output/nrf52832_xxaa_s132 Debug/Obj/nrf_drv_gpiote.o
 .text.nrf_gpio_cfg_watcher
                0x00020a9c       0x38 Output/nrf52832_xxaa_s132 Debug/Obj/nrf_drv_gpiote.o
 .text.nrf_gpio_cfg_sense_set
                0x00020ad4       0x58 Output/nrf52832_xxaa_s132 Debug/Obj/nrf_drv_gpiote.o
 .text.nrf_gpio_pin_set
                0x00020b2c       0x24 Output/nrf52832_xxaa_s132 Debug/Obj/nrf_drv_gpiote.o
 .text.nrf_gpio_pin_clear
                0x00020b50       0x24 Output/nrf52832_xxaa_s132 Debug/Obj/nrf_drv_gpiote.o
 .text.nrf_gpio_pins_read
                0x00020b74       0x18 Output/nrf52832_xxaa_s132 Debug/Obj/nrf_drv_gpiote.o
 .text.nrf_gpio_pin_sense_get
                0x00020b8c       0x2c Output/nrf52832_xxaa_s132 Debug/Obj/nrf_drv_gpiote.o
 .text.pin_in_use
                0x00020bb8       0x30 Output/nrf52832_xxaa_s132 Debug/Obj/nrf_drv_gpiote.o
 .text.pin_in_use_by_te
                0x00020be8       0x44 Output/nrf52832_xxaa_s132 Debug/Obj/nrf_drv_gpiote.o
 .text.pin_in_use_by_port
                0x00020c2c       0x30 Output/nrf52832_xxaa_s132 Debug/Obj/nrf_drv_gpiote.o
 .text.pin_in_use_by_gpiote
                0x00020c5c       0x2c Output/nrf52832_xxaa_s132 Debug/Obj/nrf_drv_gpiote.o
 .text.pin_in_use_by_te_set
                0x00020c88       0x54 Output/nrf52832_xxaa_s132 Debug/Obj/nrf_drv_gpiote.o
 .text.pin_in_use_set
                0x00020cdc       0x24 Output/nrf52832_xxaa_s132 Debug/Obj/nrf_drv_gpiote.o
 .text.pin_in_use_clear
                0x00020d00       0x24 Output/nrf52832_xxaa_s132 Debug/Obj/nrf_drv_gpiote.o
 .text.channel_port_get
                0x00020d24       0x24 Output/nrf52832_xxaa_s132 Debug/Obj/nrf_drv_gpiote.o
 .text.channel_handler_get
                0x00020d48       0x20 Output/nrf52832_xxaa_s132 Debug/Obj/nrf_drv_gpiote.o
 .text.channel_port_alloc
                0x00020d68       0x74 Output/nrf52832_xxaa_s132 Debug/Obj/nrf_drv_gpiote.o
 .text.channel_free
                0x00020ddc       0x38 Output/nrf52832_xxaa_s132 Debug/Obj/nrf_drv_gpiote.o
 .text.nrf_drv_gpiote_init
                0x00020e14       0x70 Output/nrf52832_xxaa_s132 Debug/Obj/nrf_drv_gpiote.o
                0x00020e14                nrf_drv_gpiote_init
 .text.nrf_drv_gpiote_is_init
                0x00020e84       0x24 Output/nrf52832_xxaa_s132 Debug/Obj/nrf_drv_gpiote.o
                0x00020e84                nrf_drv_gpiote_is_init
 .text.nrf_drv_gpiote_out_init
                0x00020ea8       0x90 Output/nrf52832_xxaa_s132 Debug/Obj/nrf_drv_gpiote.o
                0x00020ea8                nrf_drv_gpiote_out_init
 .text.nrf_drv_gpiote_out_uninit
                0x00020f38       0x44 Output/nrf52832_xxaa_s132 Debug/Obj/nrf_drv_gpiote.o
                0x00020f38                nrf_drv_gpiote_out_uninit
 .text.nrf_drv_gpiote_out_task_enable
                0x00020f7c       0x24 Output/nrf52832_xxaa_s132 Debug/Obj/nrf_drv_gpiote.o
                0x00020f7c                nrf_drv_gpiote_out_task_enable
 .text.nrf_drv_gpiote_out_task_addr_get
                0x00020fa0       0x28 Output/nrf52832_xxaa_s132 Debug/Obj/nrf_drv_gpiote.o
                0x00020fa0                nrf_drv_gpiote_out_task_addr_get
 .text.nrf_drv_gpiote_out_task_force
                0x00020fc8       0x3c Output/nrf52832_xxaa_s132 Debug/Obj/nrf_drv_gpiote.o
                0x00020fc8                nrf_drv_gpiote_out_task_force
 .text.nrf_drv_gpiote_in_init
                0x00021004       0xb4 Output/nrf52832_xxaa_s132 Debug/Obj/nrf_drv_gpiote.o
                0x00021004                nrf_drv_gpiote_in_init
 .text.nrf_drv_gpiote_in_event_enable
                0x000210b8       0xd8 Output/nrf52832_xxaa_s132 Debug/Obj/nrf_drv_gpiote.o
                0x000210b8                nrf_drv_gpiote_in_event_enable
 .text.nrf_drv_gpiote_in_event_disable
                0x00021190       0x50 Output/nrf52832_xxaa_s132 Debug/Obj/nrf_drv_gpiote.o
                0x00021190                nrf_drv_gpiote_in_event_disable
 .text.GPIOTE_IRQHandler
                0x000211e0      0x218 Output/nrf52832_xxaa_s132 Debug/Obj/nrf_drv_gpiote.o
                0x000211e0                GPIOTE_IRQHandler
 .text.nrf_uart_event_clear
                0x000213f8       0x20 Output/nrf52832_xxaa_s132 Debug/Obj/nrf_drv_uart.o
 .text.nrf_uart_event_check
                0x00021418       0x2c Output/nrf52832_xxaa_s132 Debug/Obj/nrf_drv_uart.o
 .text.nrf_uart_int_enable_check
                0x00021444       0x2c Output/nrf52832_xxaa_s132 Debug/Obj/nrf_drv_uart.o
 .text.nrf_uart_int_disable
                0x00021470       0x1c Output/nrf52832_xxaa_s132 Debug/Obj/nrf_drv_uart.o
 .text.nrf_uart_errorsrc_get_and_clear
                0x0002148c       0x28 Output/nrf52832_xxaa_s132 Debug/Obj/nrf_drv_uart.o
 .text.nrf_uart_rxd_get
                0x000214b4       0x1c Output/nrf52832_xxaa_s132 Debug/Obj/nrf_drv_uart.o
 .text.nrf_uart_txd_set
                0x000214d0       0x20 Output/nrf52832_xxaa_s132 Debug/Obj/nrf_drv_uart.o
 .text.nrf_uart_task_trigger
                0x000214f0       0x20 Output/nrf52832_xxaa_s132 Debug/Obj/nrf_drv_uart.o
 .text.nrf_uarte_event_clear
                0x00021510       0x20 Output/nrf52832_xxaa_s132 Debug/Obj/nrf_drv_uart.o
 .text.nrf_uarte_event_check
                0x00021530       0x2c Output/nrf52832_xxaa_s132 Debug/Obj/nrf_drv_uart.o
 .text.nrf_uarte_shorts_disable
                0x0002155c       0x28 Output/nrf52832_xxaa_s132 Debug/Obj/nrf_drv_uart.o
 .text.nrf_uarte_errorsrc_get_and_clear
                0x00021584       0x28 Output/nrf52832_xxaa_s132 Debug/Obj/nrf_drv_uart.o
 .text.nrf_uarte_tx_amount_get
                0x000215ac       0x1c Output/nrf52832_xxaa_s132 Debug/Obj/nrf_drv_uart.o
 .text.nrf_uarte_rx_amount_get
                0x000215c8       0x1c Output/nrf52832_xxaa_s132 Debug/Obj/nrf_drv_uart.o
 .text.tx_byte  0x000215e4       0x48 Output/nrf52832_xxaa_s132 Debug/Obj/nrf_drv_uart.o
 .text.rx_byte  0x0002162c       0x58 Output/nrf52832_xxaa_s132 Debug/Obj/nrf_drv_uart.o
 .text.rx_done_event
                0x00021684       0x34 Output/nrf52832_xxaa_s132 Debug/Obj/nrf_drv_uart.o
 .text.tx_done_event
                0x000216b8       0x3c Output/nrf52832_xxaa_s132 Debug/Obj/nrf_drv_uart.o
 .text.uart_irq_handler
                0x000216f4      0x1c8 Output/nrf52832_xxaa_s132 Debug/Obj/nrf_drv_uart.o
 .text.uarte_irq_handler
                0x000218bc      0x158 Output/nrf52832_xxaa_s132 Debug/Obj/nrf_drv_uart.o
 .text.UARTE0_UART0_IRQHandler
                0x00021a14       0x1c Output/nrf52832_xxaa_s132 Debug/Obj/nrf_drv_uart.o
                0x00021a14                UARTE0_UART0_IRQHandler
 .text.nrf_timer_task_address_get
                0x00021a30       0x20 Output/nrf52832_xxaa_s132 Debug/Obj/app_pwm.o
 .text.nrf_timer_event_address_get
                0x00021a50       0x20 Output/nrf52832_xxaa_s132 Debug/Obj/app_pwm.o
 .text.nrf_timer_frequency_get
                0x00021a70       0x1c Output/nrf52832_xxaa_s132 Debug/Obj/app_pwm.o
 .text.nrf_timer_cc_read
                0x00021a8c       0x24 Output/nrf52832_xxaa_s132 Debug/Obj/app_pwm.o
 .text.nrf_timer_capture_task_get
                0x00021ab0       0x20 Output/nrf52832_xxaa_s132 Debug/Obj/app_pwm.o
 .text.nrf_timer_compare_event_get
                0x00021ad0       0x20 Output/nrf52832_xxaa_s132 Debug/Obj/app_pwm.o
 .text.nrf_timer_us_to_ticks
                0x00021af0       0x28 Output/nrf52832_xxaa_s132 Debug/Obj/app_pwm.o
 .text.nrf_drv_timer_capture_task_address_get
                0x00021b18       0x28 Output/nrf52832_xxaa_s132 Debug/Obj/app_pwm.o
 .text.nrf_drv_timer_compare_event_address_get
                0x00021b40       0x28 Output/nrf52832_xxaa_s132 Debug/Obj/app_pwm.o
 .text.nrf_drv_timer_capture_get
                0x00021b68       0x24 Output/nrf52832_xxaa_s132 Debug/Obj/app_pwm.o
 .text.nrf_drv_timer_us_to_ticks
                0x00021b8c       0x28 Output/nrf52832_xxaa_s132 Debug/Obj/app_pwm.o
 .text.nrf_ppi_task_group_enable_address_get
                0x00021bb4       0x24 Output/nrf52832_xxaa_s132 Debug/Obj/app_pwm.o
 .text.nrf_ppi_task_group_disable_address_get
                0x00021bd8       0x24 Output/nrf52832_xxaa_s132 Debug/Obj/app_pwm.o
 .text.nrf_drv_ppi_channel_to_mask
                0x00021bfc       0x20 Output/nrf52832_xxaa_s132 Debug/Obj/app_pwm.o
 .text.nrf_drv_ppi_channel_remove_from_group
                0x00021c1c       0x30 Output/nrf52832_xxaa_s132 Debug/Obj/app_pwm.o
 .text.nrf_drv_ppi_group_clear
                0x00021c4c       0x24 Output/nrf52832_xxaa_s132 Debug/Obj/app_pwm.o
 .text.nrf_drv_ppi_task_addr_group_enable_get
                0x00021c70       0x1c Output/nrf52832_xxaa_s132 Debug/Obj/app_pwm.o
 .text.nrf_drv_ppi_task_addr_group_disable_get
                0x00021c8c       0x1c Output/nrf52832_xxaa_s132 Debug/Obj/app_pwm.o
 .text.nrf_gpio_pin_set
                0x00021ca8       0x24 Output/nrf52832_xxaa_s132 Debug/Obj/app_pwm.o
 .text.nrf_gpio_pin_clear
                0x00021ccc       0x24 Output/nrf52832_xxaa_s132 Debug/Obj/app_pwm.o
 .text.pan73_workaround
                0x00021cf0       0x18 Output/nrf52832_xxaa_s132 Debug/Obj/app_pwm.o
 .text.app_pwm_busy_check
                0x00021d08       0x74 Output/nrf52832_xxaa_s132 Debug/Obj/app_pwm.o
                0x00021d08                app_pwm_busy_check
 .text.pwm_irq_enable
                0x00021d7c       0x1c Output/nrf52832_xxaa_s132 Debug/Obj/app_pwm.o
 .text.pwm_irq_disable
                0x00021d98       0x1c Output/nrf52832_xxaa_s132 Debug/Obj/app_pwm.o
 .text.pwm_channel_ppi_disable
                0x00021db4       0x48 Output/nrf52832_xxaa_s132 Debug/Obj/app_pwm.o
 .text.pwm_ppi_disable
                0x00021dfc       0x2c Output/nrf52832_xxaa_s132 Debug/Obj/app_pwm.o
 .text.pwm_ready_tick
                0x00021e28       0xac Output/nrf52832_xxaa_s132 Debug/Obj/app_pwm.o
                0x00021e28                pwm_ready_tick
 .text.pwm_dealloc
                0x00021ed4      0x12c Output/nrf52832_xxaa_s132 Debug/Obj/app_pwm.o
 .text.pwm_transition_n_to_0or100
                0x00022000      0x1a4 Output/nrf52832_xxaa_s132 Debug/Obj/app_pwm.o
 .text.pwm_transition_n_to_m
                0x000221a4      0x14c Output/nrf52832_xxaa_s132 Debug/Obj/app_pwm.o
 .text.pwm_transition_0or100_to_n
                0x000222f0      0x1c4 Output/nrf52832_xxaa_s132 Debug/Obj/app_pwm.o
 .text.pwm_transition_0or100_to_0or100
                0x000224b4       0xd8 Output/nrf52832_xxaa_s132 Debug/Obj/app_pwm.o
 .text.app_pwm_channel_duty_ticks_set
                0x0002258c      0x120 Output/nrf52832_xxaa_s132 Debug/Obj/app_pwm.o
                0x0002258c                app_pwm_channel_duty_ticks_set
 .text.app_pwm_cycle_ticks_get
                0x000226ac       0x20 Output/nrf52832_xxaa_s132 Debug/Obj/app_pwm.o
                0x000226ac                app_pwm_cycle_ticks_get
 .text.app_pwm_channel_duty_set
                0x000226cc       0x48 Output/nrf52832_xxaa_s132 Debug/Obj/app_pwm.o
                0x000226cc                app_pwm_channel_duty_set
 .text.app_pwm_channel_init
                0x00022714      0x170 Output/nrf52832_xxaa_s132 Debug/Obj/app_pwm.o
 .text.pwm_calculate_timer_frequency
                0x00022884       0x54 Output/nrf52832_xxaa_s132 Debug/Obj/app_pwm.o
 .text.app_pwm_init
                0x000228d8      0x2a0 Output/nrf52832_xxaa_s132 Debug/Obj/app_pwm.o
                0x000228d8                app_pwm_init
 .text.app_pwm_enable
                0x00022b78       0xcc Output/nrf52832_xxaa_s132 Debug/Obj/app_pwm.o
                0x00022b78                app_pwm_enable
 .text.nrf_ppi_channel_enable
                0x00022c44       0x28 Output/nrf52832_xxaa_s132 Debug/Obj/nrf_drv_ppi.o
 .text.nrf_ppi_channel_disable
                0x00022c6c       0x28 Output/nrf52832_xxaa_s132 Debug/Obj/nrf_drv_ppi.o
 .text.nrf_ppi_channel_endpoint_setup
                0x00022c94       0x38 Output/nrf52832_xxaa_s132 Debug/Obj/nrf_drv_ppi.o
 .text.nrf_ppi_channels_include_in_group
                0x00022ccc       0x38 Output/nrf52832_xxaa_s132 Debug/Obj/nrf_drv_ppi.o
 .text.nrf_ppi_channels_remove_from_group
                0x00022d04       0x38 Output/nrf52832_xxaa_s132 Debug/Obj/nrf_drv_ppi.o
 .text.nrf_ppi_group_enable
                0x00022d3c       0x24 Output/nrf52832_xxaa_s132 Debug/Obj/nrf_drv_ppi.o
 .text.nrf_ppi_group_disable
                0x00022d60       0x24 Output/nrf52832_xxaa_s132 Debug/Obj/nrf_drv_ppi.o
 .text.nrf_drv_ppi_channel_to_mask
                0x00022d84       0x20 Output/nrf52832_xxaa_s132 Debug/Obj/nrf_drv_ppi.o
 .text.group_to_mask
                0x00022da4       0x20 Output/nrf52832_xxaa_s132 Debug/Obj/nrf_drv_ppi.o
 .text.is_programmable_app_channel
                0x00022dc4       0x30 Output/nrf52832_xxaa_s132 Debug/Obj/nrf_drv_ppi.o
 .text.are_app_channels
                0x00022df4       0x28 Output/nrf52832_xxaa_s132 Debug/Obj/nrf_drv_ppi.o
 .text.is_app_channel
                0x00022e1c       0x24 Output/nrf52832_xxaa_s132 Debug/Obj/nrf_drv_ppi.o
 .text.is_app_group
                0x00022e40       0x2c Output/nrf52832_xxaa_s132 Debug/Obj/nrf_drv_ppi.o
 .text.is_allocated_channel
                0x00022e6c       0x30 Output/nrf52832_xxaa_s132 Debug/Obj/nrf_drv_ppi.o
 .text.channel_allocated_set
                0x00022e9c       0x28 Output/nrf52832_xxaa_s132 Debug/Obj/nrf_drv_ppi.o
 .text.channel_allocated_clr
                0x00022ec4       0x2c Output/nrf52832_xxaa_s132 Debug/Obj/nrf_drv_ppi.o
 .text.is_allocated_group
                0x00022ef0       0x34 Output/nrf52832_xxaa_s132 Debug/Obj/nrf_drv_ppi.o
 .text.group_allocated_set
                0x00022f24       0x2c Output/nrf52832_xxaa_s132 Debug/Obj/nrf_drv_ppi.o
 .text.group_allocated_clr
                0x00022f50       0x30 Output/nrf52832_xxaa_s132 Debug/Obj/nrf_drv_ppi.o
 .text.nrf_drv_ppi_init
                0x00022f80       0x30 Output/nrf52832_xxaa_s132 Debug/Obj/nrf_drv_ppi.o
                0x00022f80                nrf_drv_ppi_init
 .text.nrf_drv_ppi_channel_alloc
                0x00022fb0       0x9c Output/nrf52832_xxaa_s132 Debug/Obj/nrf_drv_ppi.o
                0x00022fb0                nrf_drv_ppi_channel_alloc
 .text.nrf_drv_ppi_channel_free
                0x0002304c       0x54 Output/nrf52832_xxaa_s132 Debug/Obj/nrf_drv_ppi.o
                0x0002304c                nrf_drv_ppi_channel_free
 .text.nrf_drv_ppi_channel_assign
                0x000230a0       0x68 Output/nrf52832_xxaa_s132 Debug/Obj/nrf_drv_ppi.o
                0x000230a0                nrf_drv_ppi_channel_assign
 .text.nrf_drv_ppi_channel_enable
                0x00023108       0x5c Output/nrf52832_xxaa_s132 Debug/Obj/nrf_drv_ppi.o
                0x00023108                nrf_drv_ppi_channel_enable
 .text.nrf_drv_ppi_channel_disable
                0x00023164       0x5c Output/nrf52832_xxaa_s132 Debug/Obj/nrf_drv_ppi.o
                0x00023164                nrf_drv_ppi_channel_disable
 .text.nrf_drv_ppi_group_alloc
                0x000231c0       0x98 Output/nrf52832_xxaa_s132 Debug/Obj/nrf_drv_ppi.o
                0x000231c0                nrf_drv_ppi_group_alloc
 .text.nrf_drv_ppi_group_free
                0x00023258       0x6c Output/nrf52832_xxaa_s132 Debug/Obj/nrf_drv_ppi.o
                0x00023258                nrf_drv_ppi_group_free
 .text.nrf_drv_ppi_group_enable
                0x000232c4       0x4c Output/nrf52832_xxaa_s132 Debug/Obj/nrf_drv_ppi.o
                0x000232c4                nrf_drv_ppi_group_enable
 .text.nrf_drv_ppi_channels_remove_from_group
                0x00023310       0x7c Output/nrf52832_xxaa_s132 Debug/Obj/nrf_drv_ppi.o
                0x00023310                nrf_drv_ppi_channels_remove_from_group
 .text.nrf_drv_ppi_channels_include_in_group
                0x0002338c       0x7c Output/nrf52832_xxaa_s132 Debug/Obj/nrf_drv_ppi.o
                0x0002338c                nrf_drv_ppi_channels_include_in_group
 .text.NVIC_DisableIRQ
                0x00023408       0x34 Output/nrf52832_xxaa_s132 Debug/Obj/nrf_drv_timer.o
 .text.nrf_timer_task_trigger
                0x0002343c       0x20 Output/nrf52832_xxaa_s132 Debug/Obj/nrf_drv_timer.o
 .text.nrf_timer_event_clear
                0x0002345c       0x20 Output/nrf52832_xxaa_s132 Debug/Obj/nrf_drv_timer.o
 .text.nrf_timer_event_check
                0x0002347c       0x2c Output/nrf52832_xxaa_s132 Debug/Obj/nrf_drv_timer.o
 .text.nrf_timer_shorts_enable
                0x000234a8       0x24 Output/nrf52832_xxaa_s132 Debug/Obj/nrf_drv_timer.o
 .text.nrf_timer_shorts_disable
                0x000234cc       0x28 Output/nrf52832_xxaa_s132 Debug/Obj/nrf_drv_timer.o
 .text.nrf_timer_int_enable
                0x000234f4       0x1c Output/nrf52832_xxaa_s132 Debug/Obj/nrf_drv_timer.o
 .text.nrf_timer_int_disable
                0x00023510       0x1c Output/nrf52832_xxaa_s132 Debug/Obj/nrf_drv_timer.o
 .text.nrf_timer_int_enable_check
                0x0002352c       0x2c Output/nrf52832_xxaa_s132 Debug/Obj/nrf_drv_timer.o
 .text.nrf_timer_mode_set
                0x00023558       0x30 Output/nrf52832_xxaa_s132 Debug/Obj/nrf_drv_timer.o
 .text.nrf_timer_bit_width_set
                0x00023588       0x30 Output/nrf52832_xxaa_s132 Debug/Obj/nrf_drv_timer.o
 .text.nrf_timer_frequency_set
                0x000235b8       0x30 Output/nrf52832_xxaa_s132 Debug/Obj/nrf_drv_timer.o
 .text.nrf_timer_cc_write
                0x000235e8       0x28 Output/nrf52832_xxaa_s132 Debug/Obj/nrf_drv_timer.o
 .text.nrf_timer_compare_event_get
                0x00023610       0x20 Output/nrf52832_xxaa_s132 Debug/Obj/nrf_drv_timer.o
 .text.nrf_timer_compare_int_get
                0x00023630       0x20 Output/nrf52832_xxaa_s132 Debug/Obj/nrf_drv_timer.o
 .text.nrf_drv_common_irq_disable
                0x00023650       0x1c Output/nrf52832_xxaa_s132 Debug/Obj/nrf_drv_timer.o
 .text.nrf_drv_get_IRQn
                0x0002366c       0x20 Output/nrf52832_xxaa_s132 Debug/Obj/nrf_drv_timer.o
 .text.nrf_drv_timer_init
                0x0002368c       0xe4 Output/nrf52832_xxaa_s132 Debug/Obj/nrf_drv_timer.o
                0x0002368c                nrf_drv_timer_init
 .text.nrf_drv_timer_uninit
                0x00023770       0x60 Output/nrf52832_xxaa_s132 Debug/Obj/nrf_drv_timer.o
                0x00023770                nrf_drv_timer_uninit
 .text.nrf_drv_timer_enable
                0x000237d0       0x38 Output/nrf52832_xxaa_s132 Debug/Obj/nrf_drv_timer.o
                0x000237d0                nrf_drv_timer_enable
 .text.nrf_drv_timer_disable
                0x00023808       0x38 Output/nrf52832_xxaa_s132 Debug/Obj/nrf_drv_timer.o
                0x00023808                nrf_drv_timer_disable
 .text.nrf_drv_timer_clear
                0x00023840       0x1c Output/nrf52832_xxaa_s132 Debug/Obj/nrf_drv_timer.o
                0x00023840                nrf_drv_timer_clear
 .text.nrf_drv_timer_compare
                0x0002385c       0x54 Output/nrf52832_xxaa_s132 Debug/Obj/nrf_drv_timer.o
                0x0002385c                nrf_drv_timer_compare
 .text.nrf_drv_timer_extended_compare
                0x000238b0       0x54 Output/nrf52832_xxaa_s132 Debug/Obj/nrf_drv_timer.o
                0x000238b0                nrf_drv_timer_extended_compare
 .text.nrf_drv_timer_compare_int_enable
                0x00023904       0x38 Output/nrf52832_xxaa_s132 Debug/Obj/nrf_drv_timer.o
                0x00023904                nrf_drv_timer_compare_int_enable
 .text.nrf_drv_timer_compare_int_disable
                0x0002393c       0x24 Output/nrf52832_xxaa_s132 Debug/Obj/nrf_drv_timer.o
                0x0002393c                nrf_drv_timer_compare_int_disable
 .text.irq_handler
                0x00023960       0x78 Output/nrf52832_xxaa_s132 Debug/Obj/nrf_drv_timer.o
 .text.TIMER0_IRQHandler
                0x000239d8       0x18 Output/nrf52832_xxaa_s132 Debug/Obj/nrf_drv_timer.o
                0x000239d8                TIMER0_IRQHandler
 .text.TIMER1_IRQHandler
                0x000239f0       0x18 Output/nrf52832_xxaa_s132 Debug/Obj/nrf_drv_timer.o
                0x000239f0                TIMER1_IRQHandler
 .text.TIMER2_IRQHandler
                0x00023a08       0x18 Output/nrf52832_xxaa_s132 Debug/Obj/nrf_drv_timer.o
                0x00023a08                TIMER2_IRQHandler
 .text.TIMER3_IRQHandler
                0x00023a20       0x18 Output/nrf52832_xxaa_s132 Debug/Obj/nrf_drv_timer.o
                0x00023a20                TIMER3_IRQHandler
 .text.app_button_enable
                0x00023a38       0x44 Output/nrf52832_xxaa_s132 Debug/Obj/app_button.o
                0x00023a38                app_button_enable
 .text.app_button_disable
                0x00023a7c       0x50 Output/nrf52832_xxaa_s132 Debug/Obj/app_button.o
                0x00023a7c                app_button_disable
 .text.app_error_handler
                0x00023acc       0x30 Output/nrf52832_xxaa_s132 Debug/Obj/app_error.o
                0x00023acc                app_error_handler
 .text.app_error_save_and_stop
                0x00023afc       0x98 Output/nrf52832_xxaa_s132 Debug/Obj/app_error.o
                0x00023afc                app_error_save_and_stop
 .text.app_error_fault_handler
                0x00023b94       0x24 Output/nrf52832_xxaa_s132 Debug/Obj/app_error_weak.o
                0x00023b94                app_error_fault_handler
 .text.NVIC_EnableIRQ
                0x00023bb8       0x30 Output/nrf52832_xxaa_s132 Debug/Obj/app_timer.o
 .text.NVIC_DisableIRQ
                0x00023be8       0x34 Output/nrf52832_xxaa_s132 Debug/Obj/app_timer.o
 .text.NVIC_SetPendingIRQ
                0x00023c1c       0x34 Output/nrf52832_xxaa_s132 Debug/Obj/app_timer.o
 .text.NVIC_ClearPendingIRQ
                0x00023c50       0x34 Output/nrf52832_xxaa_s132 Debug/Obj/app_timer.o
 .text.NVIC_SetPriority
                0x00023c84       0x54 Output/nrf52832_xxaa_s132 Debug/Obj/app_timer.o
 .text.NVIC_GetPriority
                0x00023cd8       0x50 Output/nrf52832_xxaa_s132 Debug/Obj/app_timer.o
 .text.is_word_aligned
                0x00023d28       0x24 Output/nrf52832_xxaa_s132 Debug/Obj/app_timer.o
 .text.current_int_priority_get
                0x00023d4c       0x3c Output/nrf52832_xxaa_s132 Debug/Obj/app_timer.o
 .text.rtc1_init
                0x00023d88       0x24 Output/nrf52832_xxaa_s132 Debug/Obj/app_timer.o
 .text.rtc1_start
                0x00023dac       0xc0 Output/nrf52832_xxaa_s132 Debug/Obj/app_timer.o
 .text.rtc1_stop
                0x00023e6c      0x14c Output/nrf52832_xxaa_s132 Debug/Obj/app_timer.o
 .text.rtc1_counter_get
                0x00023fb8       0x18 Output/nrf52832_xxaa_s132 Debug/Obj/app_timer.o
 .text.ticks_diff_get
                0x00023fd0       0x20 Output/nrf52832_xxaa_s132 Debug/Obj/app_timer.o
 .text.rtc1_compare0_set
                0x00023ff0       0x20 Output/nrf52832_xxaa_s132 Debug/Obj/app_timer.o
 .text.timer_list_insert
                0x00024010       0xb4 Output/nrf52832_xxaa_s132 Debug/Obj/app_timer.o
 .text.timer_list_remove
                0x000240c4       0xa4 Output/nrf52832_xxaa_s132 Debug/Obj/app_timer.o
 .text.timer_timeouts_check_sched
                0x00024168        0xc Output/nrf52832_xxaa_s132 Debug/Obj/app_timer.o
 .text.timer_list_handler_sched
                0x00024174        0xc Output/nrf52832_xxaa_s132 Debug/Obj/app_timer.o
 .text.timeout_handler_exec
                0x00024180       0x58 Output/nrf52832_xxaa_s132 Debug/Obj/app_timer.o
 .text.timer_timeouts_check
                0x000241d8       0xc4 Output/nrf52832_xxaa_s132 Debug/Obj/app_timer.o
 .text.elapsed_ticks_acquire
                0x0002429c       0x80 Output/nrf52832_xxaa_s132 Debug/Obj/app_timer.o
 .text.list_deletions_handler
                0x0002431c       0xc0 Output/nrf52832_xxaa_s132 Debug/Obj/app_timer.o
 .text.expired_timers_handler
                0x000243dc       0x9c Output/nrf52832_xxaa_s132 Debug/Obj/app_timer.o
 .text.list_insertions_handler
                0x00024478      0x184 Output/nrf52832_xxaa_s132 Debug/Obj/app_timer.o
 .text.compare_reg_update
                0x000245fc      0x130 Output/nrf52832_xxaa_s132 Debug/Obj/app_timer.o
 .text.timer_list_handler
                0x0002472c       0x78 Output/nrf52832_xxaa_s132 Debug/Obj/app_timer.o
 .text.user_op_enque
                0x000247a4       0x1c Output/nrf52832_xxaa_s132 Debug/Obj/app_timer.o
 .text.user_op_alloc
                0x000247c0       0x58 Output/nrf52832_xxaa_s132 Debug/Obj/app_timer.o
 .text.timer_start_op_schedule
                0x00024818       0x80 Output/nrf52832_xxaa_s132 Debug/Obj/app_timer.o
 .text.timer_stop_op_schedule
                0x00024898       0x60 Output/nrf52832_xxaa_s132 Debug/Obj/app_timer.o
 .text.RTC1_IRQHandler
                0x000248f8       0x40 Output/nrf52832_xxaa_s132 Debug/Obj/app_timer.o
                0x000248f8                RTC1_IRQHandler
 .text.SWI0_EGU0_IRQHandler
                0x00024938        0xc Output/nrf52832_xxaa_s132 Debug/Obj/app_timer.o
                0x00024938                SWI0_EGU0_IRQHandler
 .text.app_timer_init
                0x00024944       0xf8 Output/nrf52832_xxaa_s132 Debug/Obj/app_timer.o
                0x00024944                app_timer_init
 .text.app_timer_create
                0x00024a3c       0x68 Output/nrf52832_xxaa_s132 Debug/Obj/app_timer.o
                0x00024a3c                app_timer_create
 .text.user_id_get
                0x00024aa4       0x34 Output/nrf52832_xxaa_s132 Debug/Obj/app_timer.o
 .text.app_timer_start
                0x00024ad8       0x70 Output/nrf52832_xxaa_s132 Debug/Obj/app_timer.o
                0x00024ad8                app_timer_start
 .text.app_timer_stop
                0x00024b48       0x4c Output/nrf52832_xxaa_s132 Debug/Obj/app_timer.o
                0x00024b48                app_timer_stop
 .text.__sd_nvic_irq_disable
                0x00024b94       0x20 Output/nrf52832_xxaa_s132 Debug/Obj/app_util_platform.o
 .text.__sd_nvic_irq_enable
                0x00024bb4       0x10 Output/nrf52832_xxaa_s132 Debug/Obj/app_util_platform.o
 .text.sd_nvic_critical_region_enter
                0x00024bc4       0x74 Output/nrf52832_xxaa_s132 Debug/Obj/app_util_platform.o
 .text.sd_nvic_critical_region_exit
                0x00024c38       0x50 Output/nrf52832_xxaa_s132 Debug/Obj/app_util_platform.o
 .text.app_util_critical_region_enter
                0x00024c88       0x14 Output/nrf52832_xxaa_s132 Debug/Obj/app_util_platform.o
                0x00024c88                app_util_critical_region_enter
 .text.app_util_critical_region_exit
                0x00024c9c       0x18 Output/nrf52832_xxaa_s132 Debug/Obj/app_util_platform.o
                0x00024c9c                app_util_critical_region_exit
 .text.NVIC_EnableIRQ
                0x00024cb4       0x30 Output/nrf52832_xxaa_s132 Debug/Obj/softdevice_handler.o
 .text.NVIC_GetPriority
                0x00024ce4       0x50 Output/nrf52832_xxaa_s132 Debug/Obj/softdevice_handler.o
 .text.sd_evt_get
                0x00024d34        0x8 Output/nrf52832_xxaa_s132 Debug/Obj/softdevice_handler.o
 .text.sd_softdevice_enable
                0x00024d3c        0x8 Output/nrf52832_xxaa_s132 Debug/Obj/softdevice_handler.o
 .text.is_word_aligned
                0x00024d44       0x24 Output/nrf52832_xxaa_s132 Debug/Obj/softdevice_handler.o
 .text.sd_ble_enable
                0x00024d68        0x8 Output/nrf52832_xxaa_s132 Debug/Obj/softdevice_handler.o
 .text.sd_ble_evt_get
                0x00024d70        0x8 Output/nrf52832_xxaa_s132 Debug/Obj/softdevice_handler.o
 .text.__sd_nvic_app_accessible_irq
                0x00024d78       0x60 Output/nrf52832_xxaa_s132 Debug/Obj/softdevice_handler.o
 .text.__sd_nvic_is_app_accessible_priority
                0x00024dd8       0x3c Output/nrf52832_xxaa_s132 Debug/Obj/softdevice_handler.o
 .text.sd_nvic_EnableIRQ
                0x00024e14       0x88 Output/nrf52832_xxaa_s132 Debug/Obj/softdevice_handler.o
 .text.softdevice_fault_handler
                0x00024e9c       0x1c Output/nrf52832_xxaa_s132 Debug/Obj/softdevice_handler.o
                0x00024e9c                softdevice_fault_handler
 .text.intern_softdevice_events_execute
                0x00024eb8       0xec Output/nrf52832_xxaa_s132 Debug/Obj/softdevice_handler.o
                0x00024eb8                intern_softdevice_events_execute
 .text.softdevice_handler_init
                0x00024fa4       0x80 Output/nrf52832_xxaa_s132 Debug/Obj/softdevice_handler.o
                0x00024fa4                softdevice_handler_init
 .text.softdevice_ble_evt_handler_set
                0x00025024       0x2c Output/nrf52832_xxaa_s132 Debug/Obj/softdevice_handler.o
                0x00025024                softdevice_ble_evt_handler_set
 .text.SWI2_EGU2_IRQHandler
                0x00025050       0x44 Output/nrf52832_xxaa_s132 Debug/Obj/softdevice_handler.o
                0x00025050                SWI2_EGU2_IRQHandler
 .text.softdevice_enable_get_default_config
                0x00025094       0x54 Output/nrf52832_xxaa_s132 Debug/Obj/softdevice_handler.o
                0x00025094                softdevice_enable_get_default_config
 .text.sd_check_ram_start
                0x000250e8       0x2c Output/nrf52832_xxaa_s132 Debug/Obj/softdevice_handler.o
                0x000250e8                sd_check_ram_start
 .text.softdevice_enable
                0x00025114       0x2c Output/nrf52832_xxaa_s132 Debug/Obj/softdevice_handler.o
                0x00025114                softdevice_enable
 .text.libc.memcpy
                0x00025140       0x3c /Applications/SEGGER Embedded Studio 2.16/lib/libc_v7em_fpv4_sp_d16_hard_t_le_eabi.a(libc2_asm.o)
                0x00025140                memcpy
                0x00025140                __aeabi_memcpy
                0x00025140                __aeabi_memcpy4
                0x00025140                __aeabi_memcpy8
 .text.libc.memset
                0x0002517c       0x60 /Applications/SEGGER Embedded Studio 2.16/lib/libc_v7em_fpv4_sp_d16_hard_t_le_eabi.a(libc2_asm.o)
                0x0002517c                memset
 .text.libc.strlen
                0x000251dc       0x60 /Applications/SEGGER Embedded Studio 2.16/lib/libc_v7em_fpv4_sp_d16_hard_t_le_eabi.a(libc2_asm.o)
                0x000251dc                strlen
                0x0002523c                __text_end__ = (__text_start__ + SIZEOF (.text))
                0x00008b20                __text_size__ = SIZEOF (.text)
                0x0002523c                __text_load_end__ = __text_end__

.vfp11_veneer   0x00000000        0x0
 .vfp11_veneer  0x00000000        0x0 linker stubs

.v4_bx          0x00000000        0x0
 .v4_bx         0x00000000        0x0 linker stubs

.iplt           0x00000000        0x0
 .iplt          0x00000000        0x0 Output/nrf52832_xxaa_s132 Debug/Obj/main.o
                0x00000001                . = ASSERT (((__text_start__ == __text_end__) || ((__text_end__ >= __FLASH_segment_start__) && (__text_end__ <= __FLASH_segment_end__))), error: .text is too large to fit in FLASH memory segment)
                0x0002523c                __dtors_load_start__ = ALIGN (__text_end__, 0x4)

.dtors          0x0002523c        0x0
                0x0002523c                __dtors_start__ = .
 *(SORT(.dtors.*))
 *(.dtors)
 *(.fini_array)
 *(SORT(.fini_array.*))
                0x0002523c                __dtors_end__ = (__dtors_start__ + SIZEOF (.dtors))
                0x00000000                __dtors_size__ = SIZEOF (.dtors)
                0x0002523c                __dtors_load_end__ = __dtors_end__
                0x00000001                . = ASSERT (((__dtors_start__ == __dtors_end__) || ((__dtors_end__ >= __FLASH_segment_start__) && (__dtors_end__ <= __FLASH_segment_end__))), error: .dtors is too large to fit in FLASH memory segment)
                0x0002523c                __ctors_load_start__ = ALIGN (__dtors_end__, 0x4)

.ctors          0x0002523c        0x0
                0x0002523c                __ctors_start__ = .
 *(SORT(.ctors.*))
 *(.ctors)
 *(.init_array)
 *(SORT(.init_array.*))
                0x0002523c                __ctors_end__ = (__ctors_start__ + SIZEOF (.ctors))
                0x00000000                __ctors_size__ = SIZEOF (.ctors)
                0x0002523c                __ctors_load_end__ = __ctors_end__
                0x00000001                . = ASSERT (((__ctors_start__ == __ctors_end__) || ((__ctors_end__ >= __FLASH_segment_start__) && (__ctors_end__ <= __FLASH_segment_end__))), error: .ctors is too large to fit in FLASH memory segment)
                0x0002523c                __rodata_load_start__ = ALIGN (__ctors_end__, 0x4)

.rodata         0x0002523c      0x35c
                0x0002523c                __rodata_start__ = .
 *(.rodata .rodata.* .gnu.linkonce.r.*)
 .rodata.advertising_timer
                0x0002523c        0x4 Output/nrf52832_xxaa_s132 Debug/Obj/main.o
 .rodata.m_pwm_PWM1_timer
                0x00025240        0x8 Output/nrf52832_xxaa_s132 Debug/Obj/main.o
                0x00025240                m_pwm_PWM1_timer
 .rodata.PWM1   0x00025248        0x8 Output/nrf52832_xxaa_s132 Debug/Obj/main.o
                0x00025248                PWM1
 .rodata.m_pwm_PWM2_timer
                0x00025250        0x8 Output/nrf52832_xxaa_s132 Debug/Obj/main.o
                0x00025250                m_pwm_PWM2_timer
 .rodata.PWM2   0x00025258        0x8 Output/nrf52832_xxaa_s132 Debug/Obj/main.o
                0x00025258                PWM2
 .rodata        0x00025260       0xb4 Output/nrf52832_xxaa_s132 Debug/Obj/main.o
 .rodata        0x00025314       0x84 Output/nrf52832_xxaa_s132 Debug/Obj/advertising.o
 .rodata.twi_rfid
                0x00025398        0x8 Output/nrf52832_xxaa_s132 Debug/Obj/twi_rfid_driver.o
 .rodata        0x000253a0       0x10 Output/nrf52832_xxaa_s132 Debug/Obj/twi_rfid_driver.o
 .rodata.twi_motor
                0x000253b0        0x8 Output/nrf52832_xxaa_s132 Debug/Obj/twi_motordriver.o
 .rodata        0x000253b8       0x28 Output/nrf52832_xxaa_s132 Debug/Obj/twi_motordriver.o
 .rodata.m_default_config
                0x000253e0       0x20 Output/nrf52832_xxaa_s132 Debug/Obj/nrf_drv_twi.o
 .rodata        0x00025400       0x10 Output/nrf52832_xxaa_s132 Debug/Obj/ble_lbs.o
 .rodata.m_conn_params_timer_id
                0x00025410        0x4 Output/nrf52832_xxaa_s132 Debug/Obj/ble_conn_params.o
 .rodata.m_default_config
                0x00025414       0x20 Output/nrf52832_xxaa_s132 Debug/Obj/nrf_drv_timer.o
 .rodata        0x00025434       0xa2 Output/nrf52832_xxaa_s132 Debug/Obj/app_timer.o
 *fill*         0x000254d6        0x2 
 .rodata        0x000254d8       0xc0 Output/nrf52832_xxaa_s132 Debug/Obj/softdevice_handler.o
                0x00025598                __rodata_end__ = (__rodata_start__ + SIZEOF (.rodata))
                0x0000035c                __rodata_size__ = SIZEOF (.rodata)
                0x00025598                __rodata_load_end__ = __rodata_end__

.rel.dyn        0x00000000        0x0
 .rel.iplt      0x00000000        0x0 Output/nrf52832_xxaa_s132 Debug/Obj/main.o
                0x00000001                . = ASSERT (((__rodata_start__ == __rodata_end__) || ((__rodata_end__ >= __FLASH_segment_start__) && (__rodata_end__ <= __FLASH_segment_end__))), error: .rodata is too large to fit in FLASH memory segment)
                0x00025598                __ARM.exidx_load_start__ = ALIGN (__rodata_end__, 0x4)

.ARM.exidx      0x00025598        0x0
                0x00025598                __ARM.exidx_start__ = .
                0x00025598                __exidx_start = __ARM.exidx_start__
 *(.ARM.exidx .ARM.exidx.*)
                0x00025598                __ARM.exidx_end__ = (__ARM.exidx_start__ + SIZEOF (.ARM.exidx))
                0x00000000                __ARM.exidx_size__ = SIZEOF (.ARM.exidx)
                0x00025598                __exidx_end = __ARM.exidx_end__
                0x00025598                __ARM.exidx_load_end__ = __ARM.exidx_end__
                0x00000001                . = ASSERT (((__ARM.exidx_start__ == __ARM.exidx_end__) || ((__ARM.exidx_end__ >= __FLASH_segment_start__) && (__ARM.exidx_end__ <= __FLASH_segment_end__))), error: .ARM.exidx is too large to fit in FLASH memory segment)
                0x00025598                __fast_load_start__ = ALIGN (__ARM.exidx_end__, 0x4)

.fast           0x20002a00        0x0 load address 0x00025598
                0x20002a00                __fast_start__ = .
 *(.fast .fast.*)
                0x20002a00                __fast_end__ = (__fast_start__ + SIZEOF (.fast))
                0x00000000                __fast_size__ = SIZEOF (.fast)
                0x00025598                __fast_load_end__ = (__fast_load_start__ + SIZEOF (.fast))
                0x00000001                . = ASSERT (((__fast_load_start__ == __fast_load_end__) || ((__fast_load_end__ >= __FLASH_segment_start__) && (__fast_load_end__ <= __FLASH_segment_end__))), error: .fast is too large to fit in FLASH memory segment)

.fast_run       0x20002a00        0x0
                0x20002a00                __fast_run_start__ = .
                0x20002a00                . = MAX ((__fast_run_start__ + SIZEOF (.fast)), .)
                0x20002a00                __fast_run_end__ = (__fast_run_start__ + SIZEOF (.fast_run))
                0x00000000                __fast_run_size__ = SIZEOF (.fast_run)
                0x20002a00                __fast_run_load_end__ = __fast_run_end__
                0x00000001                . = ASSERT (((__fast_run_start__ == __fast_run_end__) || ((__fast_run_end__ >= __RAM_segment_start__) && (__fast_run_end__ <= __RAM_segment_end__))), error: .fast_run is too large to fit in RAM memory segment)
                0x00025598                __data_load_start__ = ALIGN ((__fast_load_start__ + SIZEOF (.fast)), 0x4)

.data           0x20002a00       0x5c load address 0x00025598
                0x20002a00                __data_start__ = .
 *(.data .data.* .gnu.linkonce.d.*)
 .data.m_conn_handle
                0x20002a00        0x2 Output/nrf52832_xxaa_s132 Debug/Obj/main.o
 *fill*         0x20002a02        0x2 
 .data.eddystone_url_data
                0x20002a04       0x10 Output/nrf52832_xxaa_s132 Debug/Obj/advertising.o
 .data.rfid_init_array_1
                0x20002a14        0x9 Output/nrf52832_xxaa_s132 Debug/Obj/twi_rfid_driver.o
                0x20002a14                rfid_init_array_1
 *fill*         0x20002a1d        0x3 
 .data.rfid_init_array_2
                0x20002a20        0xc Output/nrf52832_xxaa_s132 Debug/Obj/twi_rfid_driver.o
                0x20002a20                rfid_init_array_2
 .data.rfid_init_array_3
                0x20002a2c        0xb Output/nrf52832_xxaa_s132 Debug/Obj/twi_rfid_driver.o
                0x20002a2c                rfid_init_array_3
 *fill*         0x20002a37        0x1 
 .data.motor    0x20002a38       0x18 Output/nrf52832_xxaa_s132 Debug/Obj/twi_motordriver.o
                0x20002a38                motor
 .data.bit_mask
                0x20002a50        0x8 Output/nrf52832_xxaa_s132 Debug/Obj/read_set_bit.o
                0x20002a50                bit_mask
 .data.SystemCoreClock
                0x20002a58        0x4 Output/nrf52832_xxaa_s132 Debug/Obj/system_nrf52.o
                0x20002a58                SystemCoreClock
                0x20002a5c                __data_end__ = (__data_start__ + SIZEOF (.data))
                0x0000005c                __data_size__ = SIZEOF (.data)
                0x000255f4                __data_load_end__ = (__data_load_start__ + SIZEOF (.data))

.igot.plt       0x00000000        0x0
 .igot.plt      0x00000000        0x0 Output/nrf52832_xxaa_s132 Debug/Obj/main.o
                0x00000001                . = ASSERT (((__data_load_start__ == __data_load_end__) || ((__data_load_end__ >= __FLASH_segment_start__) && (__data_load_end__ <= __FLASH_segment_end__))), error: .data is too large to fit in FLASH memory segment)

.data_run       0x20002a00       0x5c load address 0x00025598
                0x20002a00                __data_run_start__ = .
                0x20002a5c                . = MAX ((__data_run_start__ + SIZEOF (.data)), .)
 *fill*         0x20002a00       0x5c 
                0x20002a5c                __data_run_end__ = (__data_run_start__ + SIZEOF (.data_run))
                0x0000005c                __data_run_size__ = SIZEOF (.data_run)
                0x20002a5c                __data_run_load_end__ = __data_run_end__
                0x00000001                . = ASSERT (((__data_run_start__ == __data_run_end__) || ((__data_run_end__ >= __RAM_segment_start__) && (__data_run_end__ <= __RAM_segment_end__))), error: .data_run is too large to fit in RAM memory segment)
                0x000255f4                __tdata_load_start__ = ALIGN ((__data_load_start__ + SIZEOF (.data)), 0x4)

.tdata          0x20002a5c        0x0 load address 0x000255f4
                0x20002a5c                __tdata_start__ = .
 *(.tdata .tdata.*)
                0x20002a5c                __tdata_end__ = (__tdata_start__ + SIZEOF (.tdata))
                0x00000000                __tdata_size__ = SIZEOF (.tdata)
                0x000255f4                __tdata_load_end__ = (__tdata_load_start__ + SIZEOF (.tdata))
                0x000255f4                __FLASH_segment_used_end__ = (ALIGN ((__data_load_start__ + SIZEOF (.data)), 0x4) + SIZEOF (.tdata))
                0x000255f4                __FLASH_segment_used_size__ = (__FLASH_segment_used_end__ - __FLASH_segment_start__)
                0x00000001                . = ASSERT (((__tdata_load_start__ == __tdata_load_end__) || ((__tdata_load_end__ >= __FLASH_segment_start__) && (__tdata_load_end__ <= __FLASH_segment_end__))), error: .tdata is too large to fit in FLASH memory segment)

.tdata_run      0x20002a5c        0x0
                0x20002a5c                __tdata_run_start__ = .
                0x20002a5c                . = MAX ((__tdata_run_start__ + SIZEOF (.tdata)), .)
                0x20002a5c                __tdata_run_end__ = (__tdata_run_start__ + SIZEOF (.tdata_run))
                0x00000000                __tdata_run_size__ = SIZEOF (.tdata_run)
                0x20002a5c                __tdata_run_load_end__ = __tdata_run_end__
                0x00000001                . = ASSERT (((__tdata_run_start__ == __tdata_run_end__) || ((__tdata_run_end__ >= __RAM_segment_start__) && (__tdata_run_end__ <= __RAM_segment_end__))), error: .tdata_run is too large to fit in RAM memory segment)
                0x20002a5c                __bss_load_start__ = ALIGN (__tdata_run_end__, 0x4)

.bss            0x20002a5c      0x500
                0x20002a5c                __bss_start__ = .
 *(.bss .bss.* .gnu.linkonce.b.*)
 .bss.m_lbs     0x20002a5c       0x1c Output/nrf52832_xxaa_s132 Debug/Obj/main.o
 .bss.user_connected
                0x20002a78        0x1 Output/nrf52832_xxaa_s132 Debug/Obj/main.o
                0x20002a78                user_connected
 .bss.rfid_counter
                0x20002a79        0x1 Output/nrf52832_xxaa_s132 Debug/Obj/main.o
                0x20002a79                rfid_counter
 .bss.hit_counter
                0x20002a7a        0x1 Output/nrf52832_xxaa_s132 Debug/Obj/main.o
                0x20002a7a                hit_counter
 *fill*         0x20002a7b        0x1 
 .bss.advertising_timer_data
                0x20002a7c       0x20 Output/nrf52832_xxaa_s132 Debug/Obj/main.o
 .bss.m_pwm_PWM1_cb
                0x20002a9c       0x24 Output/nrf52832_xxaa_s132 Debug/Obj/main.o
                0x20002a9c                m_pwm_PWM1_cb
 .bss.m_pwm_PWM2_cb
                0x20002ac0       0x24 Output/nrf52832_xxaa_s132 Debug/Obj/main.o
                0x20002ac0                m_pwm_PWM2_cb
 .bss.red_value
                0x20002ae4        0x1 Output/nrf52832_xxaa_s132 Debug/Obj/main.o
                0x20002ae4                red_value
 .bss.green_value
                0x20002ae5        0x1 Output/nrf52832_xxaa_s132 Debug/Obj/main.o
                0x20002ae5                green_value
 .bss.blue_value
                0x20002ae6        0x1 Output/nrf52832_xxaa_s132 Debug/Obj/main.o
                0x20002ae6                blue_value
 .bss.color_data
                0x20002ae7        0x1 Output/nrf52832_xxaa_s132 Debug/Obj/main.o
                0x20002ae7                color_data
 .bss.green_state
                0x20002ae8        0x1 Output/nrf52832_xxaa_s132 Debug/Obj/main.o
                0x20002ae8                green_state
 .bss.advertising_switch_counter
                0x20002ae9        0x1 Output/nrf52832_xxaa_s132 Debug/Obj/main.o
                0x20002ae9                advertising_switch_counter
 *fill*         0x20002aea        0x2 
 .bss.APP_TIMER_BUF.9519
                0x20002aec      0x180 Output/nrf52832_xxaa_s132 Debug/Obj/main.o
 .bss.BLE_EVT_BUFFER.9607
                0x20002c6c       0x48 Output/nrf52832_xxaa_s132 Debug/Obj/main.o
 .bss.dummy_array
                0x20002cb4       0x40 Output/nrf52832_xxaa_s132 Debug/Obj/twi_rfid_driver.o
                0x20002cb4                dummy_array
 .bss.m_cb      0x20002cf4       0x50 Output/nrf52832_xxaa_s132 Debug/Obj/nrf_drv_twi.o
 .bss.m_stable_state
                0x20002d44        0x1 Output/nrf52832_xxaa_s132 Debug/Obj/bsp.o
 *fill*         0x20002d45        0x3 
 .bss.m_app_ticks_per_100ms
                0x20002d48        0x4 Output/nrf52832_xxaa_s132 Debug/Obj/bsp.o
 .bss.m_indication_type
                0x20002d4c        0x4 Output/nrf52832_xxaa_s132 Debug/Obj/bsp.o
 .bss.m_alert_mask
                0x20002d50        0x4 Output/nrf52832_xxaa_s132 Debug/Obj/bsp.o
 .bss.m_leds_timer_id_data
                0x20002d54       0x20 Output/nrf52832_xxaa_s132 Debug/Obj/bsp.o
 .bss.m_alert_timer_id_data
                0x20002d74       0x20 Output/nrf52832_xxaa_s132 Debug/Obj/bsp.o
 .bss.m_conn_params_config
                0x20002d94       0x1c Output/nrf52832_xxaa_s132 Debug/Obj/ble_conn_params.o
 .bss.m_preferred_conn_params
                0x20002db0        0x8 Output/nrf52832_xxaa_s132 Debug/Obj/ble_conn_params.o
 .bss.m_update_count
                0x20002db8        0x1 Output/nrf52832_xxaa_s132 Debug/Obj/ble_conn_params.o
 *fill*         0x20002db9        0x1 
 .bss.m_conn_handle
                0x20002dba        0x2 Output/nrf52832_xxaa_s132 Debug/Obj/ble_conn_params.o
 .bss.m_current_conn_params
                0x20002dbc        0x8 Output/nrf52832_xxaa_s132 Debug/Obj/ble_conn_params.o
 .bss.m_conn_params_timer_id_data
                0x20002dc4       0x20 Output/nrf52832_xxaa_s132 Debug/Obj/ble_conn_params.o
 .bss.m_change_param
                0x20002de4        0x1 Output/nrf52832_xxaa_s132 Debug/Obj/ble_conn_params.o
 *fill*         0x20002de5        0x3 
 .bss.m_cb      0x20002de8       0x58 Output/nrf52832_xxaa_s132 Debug/Obj/nrf_drv_gpiote.o
 .bss.m_cb      0x20002e40       0x20 Output/nrf52832_xxaa_s132 Debug/Obj/nrf_drv_uart.o
 .bss.m_use_ppi_delay_workaround
                0x20002e60        0x1 Output/nrf52832_xxaa_s132 Debug/Obj/app_pwm.o
 *fill*         0x20002e61        0x3 
 .bss.m_pwm_busy
                0x20002e64        0x4 Output/nrf52832_xxaa_s132 Debug/Obj/app_pwm.o
 .bss.m_pwm_target_value
                0x20002e68       0x10 Output/nrf52832_xxaa_s132 Debug/Obj/app_pwm.o
 .bss.m_pwm_ready_counter
                0x20002e78        0x8 Output/nrf52832_xxaa_s132 Debug/Obj/app_pwm.o
                0x20002e78                m_pwm_ready_counter
 .bss.m_instances
                0x20002e80       0x10 Output/nrf52832_xxaa_s132 Debug/Obj/app_pwm.o
 .bss.m_drv_state
                0x20002e90        0x1 Output/nrf52832_xxaa_s132 Debug/Obj/nrf_drv_ppi.o
 *fill*         0x20002e91        0x3 
 .bss.m_channels_allocated
                0x20002e94        0x4 Output/nrf52832_xxaa_s132 Debug/Obj/nrf_drv_ppi.o
 .bss.m_groups_allocated
                0x20002e98        0x1 Output/nrf52832_xxaa_s132 Debug/Obj/nrf_drv_ppi.o
 *fill*         0x20002e99        0x3 
 .bss.m_cb      0x20002e9c       0x30 Output/nrf52832_xxaa_s132 Debug/Obj/nrf_drv_timer.o
 .bss.mp_buttons
                0x20002ecc        0x4 Output/nrf52832_xxaa_s132 Debug/Obj/app_button.o
 .bss.m_button_count
                0x20002ed0        0x1 Output/nrf52832_xxaa_s132 Debug/Obj/app_button.o
 *fill*         0x20002ed1        0x3 
 .bss.m_detection_delay_timer_id_data
                0x20002ed4       0x20 Output/nrf52832_xxaa_s132 Debug/Obj/app_button.o
 .bss.m_error_data.6539
                0x20002ef4       0x20 Output/nrf52832_xxaa_s132 Debug/Obj/app_error.o
 .bss.m_user_array_size
                0x20002f14        0x1 Output/nrf52832_xxaa_s132 Debug/Obj/app_timer.o
 *fill*         0x20002f15        0x3 
 .bss.mp_users  0x20002f18        0x4 Output/nrf52832_xxaa_s132 Debug/Obj/app_timer.o
 .bss.mp_timer_id_head
                0x20002f1c        0x4 Output/nrf52832_xxaa_s132 Debug/Obj/app_timer.o
 .bss.m_ticks_latest
                0x20002f20        0x4 Output/nrf52832_xxaa_s132 Debug/Obj/app_timer.o
 .bss.m_ticks_elapsed
                0x20002f24        0x8 Output/nrf52832_xxaa_s132 Debug/Obj/app_timer.o
 .bss.m_ticks_elapsed_q_read_ind
                0x20002f2c        0x1 Output/nrf52832_xxaa_s132 Debug/Obj/app_timer.o
 .bss.m_ticks_elapsed_q_write_ind
                0x20002f2d        0x1 Output/nrf52832_xxaa_s132 Debug/Obj/app_timer.o
 *fill*         0x20002f2e        0x2 
 .bss.m_evt_schedule_func
                0x20002f30        0x4 Output/nrf52832_xxaa_s132 Debug/Obj/app_timer.o
 .bss.m_rtc1_running
                0x20002f34        0x1 Output/nrf52832_xxaa_s132 Debug/Obj/app_timer.o
 .bss.m_rtc1_reset
                0x20002f35        0x1 Output/nrf52832_xxaa_s132 Debug/Obj/app_timer.o
 *fill*         0x20002f36        0x2 
 .bss.nrf_nvic_state
                0x20002f38        0xc Output/nrf52832_xxaa_s132 Debug/Obj/softdevice_handler.o
                0x20002f38                nrf_nvic_state
 .bss.m_evt_schedule_func
                0x20002f44        0x4 Output/nrf52832_xxaa_s132 Debug/Obj/softdevice_handler.o
 .bss.m_softdevice_enabled
                0x20002f48        0x1 Output/nrf52832_xxaa_s132 Debug/Obj/softdevice_handler.o
 *fill*         0x20002f49        0x3 
 .bss.mp_ble_evt_buffer
                0x20002f4c        0x4 Output/nrf52832_xxaa_s132 Debug/Obj/softdevice_handler.o
 .bss.m_ble_evt_buffer_size
                0x20002f50        0x2 Output/nrf52832_xxaa_s132 Debug/Obj/softdevice_handler.o
 *fill*         0x20002f52        0x2 
 .bss.m_ble_evt_handler
                0x20002f54        0x4 Output/nrf52832_xxaa_s132 Debug/Obj/softdevice_handler.o
 .bss.m_sys_evt_handler
                0x20002f58        0x4 Output/nrf52832_xxaa_s132 Debug/Obj/softdevice_handler.o
 *(COMMON)
                0x20002f5c                __bss_end__ = (__bss_start__ + SIZEOF (.bss))
                0x00000500                __bss_size__ = SIZEOF (.bss)
                0x20002f5c                __bss_load_end__ = __bss_end__
                0x00000001                . = ASSERT (((__bss_start__ == __bss_end__) || ((__bss_end__ >= __RAM_segment_start__) && (__bss_end__ <= __RAM_segment_end__))), error: .bss is too large to fit in RAM memory segment)
                0x20002f5c                __tbss_load_start__ = ALIGN (__bss_end__, 0x4)

.tbss           0x20002f5c        0x0
                0x20002f5c                __tbss_start__ = .
 *(.tbss .tbss.*)
                0x20002f5c                __tbss_end__ = (__tbss_start__ + SIZEOF (.tbss))
                0x00000000                __tbss_size__ = SIZEOF (.tbss)
                0x20002f5c                __tbss_load_end__ = __tbss_end__
                0x00000001                . = ASSERT (((__tbss_start__ == __tbss_end__) || ((__tbss_end__ >= __RAM_segment_start__) && (__tbss_end__ <= __RAM_segment_end__))), error: .tbss is too large to fit in RAM memory segment)
                0x20002f5c                __non_init_load_start__ = ALIGN (__tbss_end__, 0x4)

.non_init       0x20002f5c        0x0
                0x20002f5c                __non_init_start__ = .
 *(.non_init .non_init.*)
                0x20002f5c                __non_init_end__ = (__non_init_start__ + SIZEOF (.non_init))
                0x00000000                __non_init_size__ = SIZEOF (.non_init)
                0x20002f5c                __non_init_load_end__ = __non_init_end__
                0x00000001                . = ASSERT (((__non_init_start__ == __non_init_end__) || ((__non_init_end__ >= __RAM_segment_start__) && (__non_init_end__ <= __RAM_segment_end__))), error: .non_init is too large to fit in RAM memory segment)
                0x20002f5c                __heap_load_start__ = ALIGN (__non_init_end__, 0x4)

.heap           0x20002f5c      0x100
                0x20002f5c                __heap_start__ = .
 *(.heap .heap.*)
                0x2000305c                . = ALIGN (MAX ((__heap_start__ + __HEAPSIZE__), .), 0x4)
 *fill*         0x20002f5c      0x100 
                0x2000305c                __heap_end__ = (__heap_start__ + SIZEOF (.heap))
                0x00000100                __heap_size__ = SIZEOF (.heap)
                0x2000305c                __heap_load_end__ = __heap_end__
                0x00000001                . = ASSERT (((__heap_start__ == __heap_end__) || ((__heap_end__ >= __RAM_segment_start__) && (__heap_end__ <= __RAM_segment_end__))), error: .heap is too large to fit in RAM memory segment)
                0x2000f800                __stack_load_start__ = (__RAM_segment_end__ - 0x800)

.stack          0x2000f800      0x800
                0x2000f800                __stack_start__ = .
 *(.stack .stack.*)
                0x20010000                . = ALIGN (MAX ((__stack_start__ + __STACKSIZE__), .), 0x8)
 *fill*         0x2000f800      0x800 
                0x20010000                __stack_end__ = (__stack_start__ + SIZEOF (.stack))
                0x00000800                __stack_size__ = SIZEOF (.stack)
                0x20010000                __stack_load_end__ = __stack_end__
                0x00000001                . = ASSERT (((__stack_start__ == __stack_end__) || ((__stack_end__ >= __RAM_segment_start__) && (__stack_end__ <= __RAM_segment_end__))), error: .stack is too large to fit in RAM memory segment)
                0x20010000                __stack_process_load_start__ = ALIGN (__stack_end__, 0x8)

.stack_process  0x20010000        0x0
                0x20010000                __stack_process_start__ = .
 *(.stack_process .stack_process.*)
                0x20010000                . = ALIGN (MAX ((__stack_process_start__ + __STACKSIZE_PROCESS__), .), 0x8)
                0x20010000                __stack_process_end__ = (__stack_process_start__ + SIZEOF (.stack_process))
                0x00000000                __stack_process_size__ = SIZEOF (.stack_process)
                0x20010000                __stack_process_load_end__ = __stack_process_end__
                0x20010000                __RAM_segment_used_end__ = (ALIGN (__stack_end__, 0x8) + SIZEOF (.stack_process))
                0x00010000                __RAM_segment_used_size__ = (__RAM_segment_used_end__ - __RAM_segment_start__)
                0x00000001                . = ASSERT (((__stack_process_start__ == __stack_process_end__) || ((__stack_process_end__ >= __RAM_segment_start__) && (__stack_process_end__ <= __RAM_segment_end__))), error: .stack_process is too large to fit in RAM memory segment)
START GROUP
LOAD Output/nrf52832_xxaa_s132 Debug/Obj/main.o
LOAD Output/nrf52832_xxaa_s132 Debug/Obj/advertising.o
LOAD Output/nrf52832_xxaa_s132 Debug/Obj/twi_rfid_driver.o
LOAD Output/nrf52832_xxaa_s132 Debug/Obj/twi_motordriver.o
LOAD Output/nrf52832_xxaa_s132 Debug/Obj/read_set_bit.o
LOAD Output/nrf52832_xxaa_s132 Debug/Obj/nrf_drv_twi.o
LOAD Output/nrf52832_xxaa_s132 Debug/Obj/ble_lbs.o
LOAD Output/nrf52832_xxaa_s132 Debug/Obj/bsp.o
LOAD Output/nrf52832_xxaa_s132 Debug/Obj/ble_advdata.o
LOAD Output/nrf52832_xxaa_s132 Debug/Obj/ble_conn_params.o
LOAD Output/nrf52832_xxaa_s132 Debug/Obj/ble_srv_common.o
LOAD Output/nrf52832_xxaa_s132 Debug/Obj/app_uart_fifo.o
LOAD Output/nrf52832_xxaa_s132 Debug/Obj/nrf_delay.o
LOAD Output/nrf52832_xxaa_s132 Debug/Obj/nrf_drv_common.o
LOAD Output/nrf52832_xxaa_s132 Debug/Obj/nrf_drv_gpiote.o
LOAD Output/nrf52832_xxaa_s132 Debug/Obj/nrf_drv_uart.o
LOAD Output/nrf52832_xxaa_s132 Debug/Obj/app_pwm.o
LOAD Output/nrf52832_xxaa_s132 Debug/Obj/nrf_drv_ppi.o
LOAD Output/nrf52832_xxaa_s132 Debug/Obj/nrf_drv_timer.o
LOAD Output/nrf52832_xxaa_s132 Debug/Obj/app_button.o
LOAD Output/nrf52832_xxaa_s132 Debug/Obj/app_error.o
LOAD Output/nrf52832_xxaa_s132 Debug/Obj/app_error_weak.o
LOAD Output/nrf52832_xxaa_s132 Debug/Obj/app_fifo.o
LOAD Output/nrf52832_xxaa_s132 Debug/Obj/app_timer.o
LOAD Output/nrf52832_xxaa_s132 Debug/Obj/app_util_platform.o
LOAD Output/nrf52832_xxaa_s132 Debug/Obj/nrf_assert.o
LOAD Output/nrf52832_xxaa_s132 Debug/Obj/nrf_log.o
LOAD Output/nrf52832_xxaa_s132 Debug/Obj/retarget.o
LOAD Output/nrf52832_xxaa_s132 Debug/Obj/softdevice_handler.o
LOAD Output/nrf52832_xxaa_s132 Debug/Obj/system_nrf52.o
LOAD Output/nrf52832_xxaa_s132 Debug/Obj/SEGGER_RTT.o
LOAD Output/nrf52832_xxaa_s132 Debug/Obj/SEGGER_RTT_SES.o
LOAD Output/nrf52832_xxaa_s132 Debug/Obj/thumb_crt0.o
LOAD Output/nrf52832_xxaa_s132 Debug/Obj/nRF_Startup.o
LOAD Output/nrf52832_xxaa_s132 Debug/Obj/nrf52_Vectors.o
LOAD /Applications/SEGGER Embedded Studio 2.16/lib/libdebugio_mempoll_v7em_fpv4_sp_d16_hard_t_le_eabi.a
LOAD /Applications/SEGGER Embedded Studio 2.16/lib/libm_v7em_fpv4_sp_d16_hard_t_le_eabi.a
LOAD /Applications/SEGGER Embedded Studio 2.16/lib/libc_v7em_fpv4_sp_d16_hard_t_le_eabi.a
LOAD /Applications/SEGGER Embedded Studio 2.16/lib/libcpp_v7em_fpv4_sp_d16_hard_t_le_eabi.a
LOAD /Applications/SEGGER Embedded Studio 2.16/lib/libdebugio_v7em_fpv4_sp_d16_hard_t_le_eabi.a
LOAD /Applications/SEGGER Embedded Studio 2.16/lib/libvfprintf_v7em_fpv4_sp_d16_hard_t_le_eabi.o
LOAD /Applications/SEGGER Embedded Studio 2.16/lib/libvfscanf_v7em_fpv4_sp_d16_hard_t_le_eabi.o
END GROUP
OUTPUT(Output/Debug/Exe/nrf52832_xxaa_s132.elf elf32-littlearm)

.debug_frame    0x00000000     0xa7e4
 .debug_frame   0x00000000      0xcbc Output/nrf52832_xxaa_s132 Debug/Obj/main.o
 .debug_frame   0x00000cbc      0x478 Output/nrf52832_xxaa_s132 Debug/Obj/advertising.o
 .debug_frame   0x00001134      0x124 Output/nrf52832_xxaa_s132 Debug/Obj/twi_rfid_driver.o
 .debug_frame   0x00001258      0x1f0 Output/nrf52832_xxaa_s132 Debug/Obj/twi_motordriver.o
 .debug_frame   0x00001448       0x90 Output/nrf52832_xxaa_s132 Debug/Obj/read_set_bit.o
 .debug_frame   0x000014d8      0xcb8 Output/nrf52832_xxaa_s132 Debug/Obj/nrf_drv_twi.o
 .debug_frame   0x00002190      0x64c Output/nrf52832_xxaa_s132 Debug/Obj/ble_lbs.o
 .debug_frame   0x000027dc      0x320 Output/nrf52832_xxaa_s132 Debug/Obj/bsp.o
 .debug_frame   0x00002afc      0x8b0 Output/nrf52832_xxaa_s132 Debug/Obj/ble_advdata.o
 .debug_frame   0x000033ac      0x718 Output/nrf52832_xxaa_s132 Debug/Obj/ble_conn_params.o
 .debug_frame   0x00003ac4       0x50 Output/nrf52832_xxaa_s132 Debug/Obj/nrf_delay.o
 .debug_frame   0x00003b14      0x3a8 Output/nrf52832_xxaa_s132 Debug/Obj/nrf_drv_common.o
 .debug_frame   0x00003ebc     0x1184 Output/nrf52832_xxaa_s132 Debug/Obj/nrf_drv_gpiote.o
 .debug_frame   0x00005040     0x14b4 Output/nrf52832_xxaa_s132 Debug/Obj/nrf_drv_uart.o
 .debug_frame   0x000064f4      0xcb8 Output/nrf52832_xxaa_s132 Debug/Obj/app_pwm.o
 .debug_frame   0x000071ac      0xb64 Output/nrf52832_xxaa_s132 Debug/Obj/nrf_drv_ppi.o
 .debug_frame   0x00007d10      0xb18 Output/nrf52832_xxaa_s132 Debug/Obj/nrf_drv_timer.o
 .debug_frame   0x00008828      0x160 Output/nrf52832_xxaa_s132 Debug/Obj/app_button.o
 .debug_frame   0x00008988       0xc0 Output/nrf52832_xxaa_s132 Debug/Obj/app_error.o
 .debug_frame   0x00008a48       0x48 Output/nrf52832_xxaa_s132 Debug/Obj/app_error_weak.o
 .debug_frame   0x00008a90      0xbc0 Output/nrf52832_xxaa_s132 Debug/Obj/app_timer.o
 .debug_frame   0x00009650      0x460 Output/nrf52832_xxaa_s132 Debug/Obj/app_util_platform.o
 .debug_frame   0x00009ab0      0xb10 Output/nrf52832_xxaa_s132 Debug/Obj/softdevice_handler.o
 .debug_frame   0x0000a5c0      0x174 Output/nrf52832_xxaa_s132 Debug/Obj/system_nrf52.o
 .debug_frame   0x0000a734       0xb0 /Applications/SEGGER Embedded Studio 2.16/lib/libc_v7em_fpv4_sp_d16_hard_t_le_eabi.a(libc2_asm.o)

.debug_info     0x00000000    0x2a5f9
 .debug_info    0x00000000     0x588f Output/nrf52832_xxaa_s132 Debug/Obj/main.o
 .debug_info    0x0000588f     0x2595 Output/nrf52832_xxaa_s132 Debug/Obj/advertising.o
 .debug_info    0x00007e24      0xcf6 Output/nrf52832_xxaa_s132 Debug/Obj/twi_rfid_driver.o
 .debug_info    0x00008b1a      0xda5 Output/nrf52832_xxaa_s132 Debug/Obj/twi_motordriver.o
 .debug_info    0x000098bf      0x111 Output/nrf52832_xxaa_s132 Debug/Obj/read_set_bit.o
 .debug_info    0x000099d0     0x2272 Output/nrf52832_xxaa_s132 Debug/Obj/nrf_drv_twi.o
 .debug_info    0x0000bc42     0x34c4 Output/nrf52832_xxaa_s132 Debug/Obj/ble_lbs.o
 .debug_info    0x0000f106      0x9f1 Output/nrf52832_xxaa_s132 Debug/Obj/bsp.o
 .debug_info    0x0000faf7     0x2cc3 Output/nrf52832_xxaa_s132 Debug/Obj/ble_advdata.o
 .debug_info    0x000127ba     0x3604 Output/nrf52832_xxaa_s132 Debug/Obj/ble_conn_params.o
 .debug_info    0x00015dbe      0x113 Output/nrf52832_xxaa_s132 Debug/Obj/nrf_delay.o
 .debug_info    0x00015ed1     0x10ad Output/nrf52832_xxaa_s132 Debug/Obj/nrf_drv_common.o
 .debug_info    0x00016f7e     0x21b4 Output/nrf52832_xxaa_s132 Debug/Obj/nrf_drv_gpiote.o
 .debug_info    0x00019132     0x2ca1 Output/nrf52832_xxaa_s132 Debug/Obj/nrf_drv_uart.o
 .debug_info    0x0001bdd3     0x2575 Output/nrf52832_xxaa_s132 Debug/Obj/app_pwm.o
 .debug_info    0x0001e348     0x1698 Output/nrf52832_xxaa_s132 Debug/Obj/nrf_drv_ppi.o
 .debug_info    0x0001f9e0     0x1b77 Output/nrf52832_xxaa_s132 Debug/Obj/nrf_drv_timer.o
 .debug_info    0x00021557      0x61e Output/nrf52832_xxaa_s132 Debug/Obj/app_button.o
 .debug_info    0x00021b75      0x2d6 Output/nrf52832_xxaa_s132 Debug/Obj/app_error.o
 .debug_info    0x00021e4b      0x197 Output/nrf52832_xxaa_s132 Debug/Obj/app_error_weak.o
 .debug_info    0x00021fe2     0x207a Output/nrf52832_xxaa_s132 Debug/Obj/app_timer.o
 .debug_info    0x0002405c     0x1040 Output/nrf52832_xxaa_s132 Debug/Obj/app_util_platform.o
 .debug_info    0x0002509c     0x4592 Output/nrf52832_xxaa_s132 Debug/Obj/softdevice_handler.o
 .debug_info    0x0002962e      0xd18 Output/nrf52832_xxaa_s132 Debug/Obj/system_nrf52.o
 .debug_info    0x0002a346       0xcb Output/nrf52832_xxaa_s132 Debug/Obj/thumb_crt0.o
 .debug_info    0x0002a411       0xf3 Output/nrf52832_xxaa_s132 Debug/Obj/nRF_Startup.o
 .debug_info    0x0002a504       0xf5 Output/nrf52832_xxaa_s132 Debug/Obj/nrf52_Vectors.o

.debug_abbrev   0x00000000     0x3c4a
 .debug_abbrev  0x00000000      0x3f0 Output/nrf52832_xxaa_s132 Debug/Obj/main.o
 .debug_abbrev  0x000003f0      0x223 Output/nrf52832_xxaa_s132 Debug/Obj/advertising.o
 .debug_abbrev  0x00000613      0x1f1 Output/nrf52832_xxaa_s132 Debug/Obj/twi_rfid_driver.o
 .debug_abbrev  0x00000804      0x23f Output/nrf52832_xxaa_s132 Debug/Obj/twi_motordriver.o
 .debug_abbrev  0x00000a43       0x92 Output/nrf52832_xxaa_s132 Debug/Obj/read_set_bit.o
 .debug_abbrev  0x00000ad5      0x3bd Output/nrf52832_xxaa_s132 Debug/Obj/nrf_drv_twi.o
 .debug_abbrev  0x00000e92      0x2d5 Output/nrf52832_xxaa_s132 Debug/Obj/ble_lbs.o
 .debug_abbrev  0x00001167      0x26e Output/nrf52832_xxaa_s132 Debug/Obj/bsp.o
 .debug_abbrev  0x000013d5      0x286 Output/nrf52832_xxaa_s132 Debug/Obj/ble_advdata.o
 .debug_abbrev  0x0000165b      0x35a Output/nrf52832_xxaa_s132 Debug/Obj/ble_conn_params.o
 .debug_abbrev  0x000019b5       0xd3 Output/nrf52832_xxaa_s132 Debug/Obj/nrf_delay.o
 .debug_abbrev  0x00001a88      0x1e8 Output/nrf52832_xxaa_s132 Debug/Obj/nrf_drv_common.o
 .debug_abbrev  0x00001c70      0x367 Output/nrf52832_xxaa_s132 Debug/Obj/nrf_drv_gpiote.o
 .debug_abbrev  0x00001fd7      0x38c Output/nrf52832_xxaa_s132 Debug/Obj/nrf_drv_uart.o
 .debug_abbrev  0x00002363      0x36c Output/nrf52832_xxaa_s132 Debug/Obj/app_pwm.o
 .debug_abbrev  0x000026cf      0x2e6 Output/nrf52832_xxaa_s132 Debug/Obj/nrf_drv_ppi.o
 .debug_abbrev  0x000029b5      0x2a2 Output/nrf52832_xxaa_s132 Debug/Obj/nrf_drv_timer.o
 .debug_abbrev  0x00002c57      0x191 Output/nrf52832_xxaa_s132 Debug/Obj/app_button.o
 .debug_abbrev  0x00002de8      0x120 Output/nrf52832_xxaa_s132 Debug/Obj/app_error.o
 .debug_abbrev  0x00002f08       0xb4 Output/nrf52832_xxaa_s132 Debug/Obj/app_error_weak.o
 .debug_abbrev  0x00002fbc      0x416 Output/nrf52832_xxaa_s132 Debug/Obj/app_timer.o
 .debug_abbrev  0x000033d2      0x2c4 Output/nrf52832_xxaa_s132 Debug/Obj/app_util_platform.o
 .debug_abbrev  0x00003696      0x3bd Output/nrf52832_xxaa_s132 Debug/Obj/softdevice_handler.o
 .debug_abbrev  0x00003a53      0x1bd Output/nrf52832_xxaa_s132 Debug/Obj/system_nrf52.o
 .debug_abbrev  0x00003c10       0x12 Output/nrf52832_xxaa_s132 Debug/Obj/thumb_crt0.o
 .debug_abbrev  0x00003c22       0x14 Output/nrf52832_xxaa_s132 Debug/Obj/nRF_Startup.o
 .debug_abbrev  0x00003c36       0x14 Output/nrf52832_xxaa_s132 Debug/Obj/nrf52_Vectors.o

.debug_pubnames
                0x00000000    0x1483f
 .debug_pubnames
                0x00000000     0x22a4 Output/nrf52832_xxaa_s132 Debug/Obj/main.o
 .debug_pubnames
                0x000022a4      0xf8f Output/nrf52832_xxaa_s132 Debug/Obj/advertising.o
 .debug_pubnames
                0x00003233      0x157 Output/nrf52832_xxaa_s132 Debug/Obj/twi_rfid_driver.o
 .debug_pubnames
                0x0000338a      0x12f Output/nrf52832_xxaa_s132 Debug/Obj/twi_motordriver.o
 .debug_pubnames
                0x000034b9       0x3a Output/nrf52832_xxaa_s132 Debug/Obj/read_set_bit.o
 .debug_pubnames
                0x000034f3     0x11c9 Output/nrf52832_xxaa_s132 Debug/Obj/nrf_drv_twi.o
 .debug_pubnames
                0x000046bc     0x127c Output/nrf52832_xxaa_s132 Debug/Obj/ble_lbs.o
 .debug_pubnames
                0x00005938      0x7f3 Output/nrf52832_xxaa_s132 Debug/Obj/bsp.o
 .debug_pubnames
                0x0000612b     0x11af Output/nrf52832_xxaa_s132 Debug/Obj/ble_advdata.o